Component: ARM Compiler 5.06 update 6 (build 750) Tool: armlink [4d35ed]

==============================================================================

Section Cross References

    startup_stm32f10x_md_vl.o(STACK) refers (Special) to heapauxi.o(.text) for __use_two_region_memory
    startup_stm32f10x_md_vl.o(HEAP) refers (Special) to heapauxi.o(.text) for __use_two_region_memory
    startup_stm32f10x_md_vl.o(RESET) refers (Special) to heapauxi.o(.text) for __use_two_region_memory
    startup_stm32f10x_md_vl.o(RESET) refers to startup_stm32f10x_md_vl.o(STACK) for __initial_sp
    startup_stm32f10x_md_vl.o(RESET) refers to startup_stm32f10x_md_vl.o(.text) for Reset_Handler
    startup_stm32f10x_md_vl.o(RESET) refers to port.o(.emb_text) for SVC_Handler
    startup_stm32f10x_md_vl.o(RESET) refers to port.o(i.SysTick_Handler) for SysTick_Handler
    startup_stm32f10x_md_vl.o(RESET) refers to libexti.o(i.EXTI9_5_IRQHandler) for EXTI9_5_IRQHandler
    startup_stm32f10x_md_vl.o(RESET) refers to libhc05.o(i.USART2_IRQHandler) for USART2_IRQHandler
    startup_stm32f10x_md_vl.o(.text) refers (Special) to heapauxi.o(.text) for __use_two_region_memory
    startup_stm32f10x_md_vl.o(.text) refers to system_stm32f10x.o(i.SystemInit) for SystemInit
    startup_stm32f10x_md_vl.o(.text) refers to __main.o(!!!main) for __main
    startup_stm32f10x_md_vl.o(.text) refers to startup_stm32f10x_md_vl.o(HEAP) for Heap_Mem
    startup_stm32f10x_md_vl.o(.text) refers to startup_stm32f10x_md_vl.o(STACK) for Stack_Mem
    system_stm32f10x.o(i.SetSysClock) refers to system_stm32f10x.o(i.SetSysClockTo72) for SetSysClockTo72
    system_stm32f10x.o(i.SystemCoreClockUpdate) refers to system_stm32f10x.o(.data) for SystemCoreClock
    system_stm32f10x.o(i.SystemInit) refers to system_stm32f10x.o(i.SetSysClock) for SetSysClock
    event_groups.o(i.vEventGroupClearBitsCallback) refers to event_groups.o(i.xEventGroupClearBits) for xEventGroupClearBits
    event_groups.o(i.vEventGroupDelete) refers to tasks.o(i.vTaskSuspendAll) for vTaskSuspendAll
    event_groups.o(i.vEventGroupDelete) refers to tasks.o(i.xTaskRemoveFromUnorderedEventList) for xTaskRemoveFromUnorderedEventList
    event_groups.o(i.vEventGroupDelete) refers to heap_1.o(i.vPortFree) for vPortFree
    event_groups.o(i.vEventGroupDelete) refers to tasks.o(i.xTaskResumeAll) for xTaskResumeAll
    event_groups.o(i.vEventGroupSetBitsCallback) refers to event_groups.o(i.xEventGroupSetBits) for xEventGroupSetBits
    event_groups.o(i.xEventGroupClearBits) refers to port.o(i.vPortEnterCritical) for vPortEnterCritical
    event_groups.o(i.xEventGroupClearBits) refers to port.o(i.vPortExitCritical) for vPortExitCritical
    event_groups.o(i.xEventGroupCreate) refers to heap_1.o(i.pvPortMalloc) for pvPortMalloc
    event_groups.o(i.xEventGroupCreate) refers to list.o(i.vListInitialise) for vListInitialise
    event_groups.o(i.xEventGroupSetBits) refers to tasks.o(i.vTaskSuspendAll) for vTaskSuspendAll
    event_groups.o(i.xEventGroupSetBits) refers to tasks.o(i.xTaskRemoveFromUnorderedEventList) for xTaskRemoveFromUnorderedEventList
    event_groups.o(i.xEventGroupSetBits) refers to tasks.o(i.xTaskResumeAll) for xTaskResumeAll
    event_groups.o(i.xEventGroupSync) refers to tasks.o(i.vTaskSuspendAll) for vTaskSuspendAll
    event_groups.o(i.xEventGroupSync) refers to event_groups.o(i.xEventGroupSetBits) for xEventGroupSetBits
    event_groups.o(i.xEventGroupSync) refers to tasks.o(i.vTaskPlaceOnUnorderedEventList) for vTaskPlaceOnUnorderedEventList
    event_groups.o(i.xEventGroupSync) refers to tasks.o(i.xTaskResumeAll) for xTaskResumeAll
    event_groups.o(i.xEventGroupSync) refers to tasks.o(i.uxTaskResetEventItemValue) for uxTaskResetEventItemValue
    event_groups.o(i.xEventGroupSync) refers to port.o(i.vPortEnterCritical) for vPortEnterCritical
    event_groups.o(i.xEventGroupSync) refers to port.o(i.vPortExitCritical) for vPortExitCritical
    event_groups.o(i.xEventGroupWaitBits) refers to tasks.o(i.vTaskSuspendAll) for vTaskSuspendAll
    event_groups.o(i.xEventGroupWaitBits) refers to event_groups.o(i.prvTestWaitCondition) for prvTestWaitCondition
    event_groups.o(i.xEventGroupWaitBits) refers to tasks.o(i.vTaskPlaceOnUnorderedEventList) for vTaskPlaceOnUnorderedEventList
    event_groups.o(i.xEventGroupWaitBits) refers to tasks.o(i.xTaskResumeAll) for xTaskResumeAll
    event_groups.o(i.xEventGroupWaitBits) refers to tasks.o(i.uxTaskResetEventItemValue) for uxTaskResetEventItemValue
    event_groups.o(i.xEventGroupWaitBits) refers to port.o(i.vPortEnterCritical) for vPortEnterCritical
    event_groups.o(i.xEventGroupWaitBits) refers to port.o(i.vPortExitCritical) for vPortExitCritical
    heap_1.o(i.pvPortMalloc) refers to tasks.o(i.vTaskSuspendAll) for vTaskSuspendAll
    heap_1.o(i.pvPortMalloc) refers to tasks.o(i.xTaskResumeAll) for xTaskResumeAll
    heap_1.o(i.pvPortMalloc) refers to heap_1.o(.data) for pucAlignedHeap
[...]
    queue.o(i.prvUnlockQueue) refers to tasks.o(i.vTaskMissedYield) for vTaskMissedYield
    queue.o(i.prvUnlockQueue) refers to port.o(i.vPortExitCritical) for vPortExitCritical
    queue.o(i.uxQueueMessagesWaiting) refers to port.o(i.vPortEnterCritical) for vPortEnterCritical
    queue.o(i.uxQueueMessagesWaiting) refers to port.o(i.vPortExitCritical) for vPortExitCritical
    queue.o(i.uxQueueSpacesAvailable) refers to port.o(i.vPortEnterCritical) for vPortEnterCritical
    queue.o(i.uxQueueSpacesAvailable) refers to port.o(i.vPortExitCritical) for vPortExitCritical
    queue.o(i.vQueueDelete) refers to heap_1.o(i.vPortFree) for vPortFree
    queue.o(i.xQueueGenericCreate) refers to heap_1.o(i.pvPortMalloc) for pvPortMalloc
    queue.o(i.xQueueGenericCreate) refers to queue.o(i.prvInitialiseNewQueue) for prvInitialiseNewQueue
    queue.o(i.xQueueGenericReceive) refers to port.o(i.vPortEnterCritical) for vPortEnterCritical
    queue.o(i.xQueueGenericReceive) refers to queue.o(i.prvCopyDataFromQueue) for prvCopyDataFromQueue
    queue.o(i.xQueueGenericReceive) refers to tasks.o(i.xTaskRemoveFromEventList) for xTaskRemoveFromEventList
    queue.o(i.xQueueGenericReceive) refers to port.o(i.vPortExitCritical) for vPortExitCritical
    queue.o(i.xQueueGenericReceive) refers to tasks.o(i.vTaskSetTimeOutState) for vTaskSetTimeOutState
    queue.o(i.xQueueGenericReceive) refers to tasks.o(i.vTaskSuspendAll) for vTaskSuspendAll
    queue.o(i.xQueueGenericReceive) refers to tasks.o(i.xTaskCheckForTimeOut) for xTaskCheckForTimeOut
    queue.o(i.xQueueGenericReceive) refers to queue.o(i.prvIsQueueEmpty) for prvIsQueueEmpty
    queue.o(i.xQueueGenericReceive) refers to tasks.o(i.vTaskPlaceOnEventList) for vTaskPlaceOnEventList
    queue.o(i.xQueueGenericReceive) refers to queue.o(i.prvUnlockQueue) for prvUnlockQueue
    queue.o(i.xQueueGenericReceive) refers to tasks.o(i.xTaskResumeAll) for xTaskResumeAll
    queue.o(i.xQueueGenericReset) refers to port.o(i.vPortEnterCritical) for vPortEnterCritical
    queue.o(i.xQueueGenericReset) refers to tasks.o(i.xTaskRemoveFromEventList) for xTaskRemoveFromEventList
    queue.o(i.xQueueGenericReset) refers to list.o(i.vListInitialise) for vListInitialise
    queue.o(i.xQueueGenericReset) refers to port.o(i.vPortExitCritical) for vPortExitCritical
    queue.o(i.xQueueGenericSend) refers to port.o(i.vPortEnterCritical) for vPortEnterCritical
    queue.o(i.xQueueGenericSend) refers to queue.o(i.prvCopyDataToQueue) for prvCopyDataToQueue
    queue.o(i.xQueueGenericSend) refers to tasks.o(i.xTaskRemoveFromEventList) for xTaskRemoveFromEventList
    queue.o(i.xQueueGenericSend) refers to port.o(i.vPortExitCritical) for vPortExitCritical
    queue.o(i.xQueueGenericSend) refers to tasks.o(i.vTaskSetTimeOutState) for vTaskSetTimeOutState
    queue.o(i.xQueueGenericSend) refers to tasks.o(i.vTaskSuspendAll) for vTaskSuspendAll
    queue.o(i.xQueueGenericSend) refers to tasks.o(i.xTaskCheckForTimeOut) for xTaskCheckForTimeOut
    queue.o(i.xQueueGenericSend) refers to queue.o(i.prvIsQueueFull) for prvIsQueueFull
    queue.o(i.xQueueGenericSend) refers to tasks.o(i.vTaskPlaceOnEventList) for vTaskPlaceOnEventList
    queue.o(i.xQueueGenericSend) refers to queue.o(i.prvUnlockQueue) for prvUnlockQueue
    queue.o(i.xQueueGenericSend) refers to tasks.o(i.xTaskResumeAll) for xTaskResumeAll
    queue.o(i.xQueueGenericSendFromISR) refers to queue.o(i.prvCopyDataToQueue) for prvCopyDataToQueue
    queue.o(i.xQueueGenericSendFromISR) refers to tasks.o(i.xTaskRemoveFromEventList) for xTaskRemoveFromEventList
    queue.o(i.xQueueGiveFromISR) refers to tasks.o(i.xTaskRemoveFromEventList) for xTaskRemoveFromEventList
    queue.o(i.xQueuePeekFromISR) refers to queue.o(i.prvCopyDataFromQueue) for prvCopyDataFromQueue
    queue.o(i.xQueueReceiveFromISR) refers to queue.o(i.prvCopyDataFromQueue) for prvCopyDataFromQueue
    queue.o(i.xQueueReceiveFromISR) refers to tasks.o(i.xTaskRemoveFromEventList) for xTaskRemoveFromEventList
    tasks.o(i.pcTaskGetName) refers to tasks.o(.data) for pxCurrentTCB
    tasks.o(i.prvAddCurrentTaskToDelayedList) refers to list.o(i.uxListRemove) for uxListRemove
    tasks.o(i.prvAddCurrentTaskToDelayedList) refers to list.o(i.vListInsertEnd) for vListInsertEnd
    tasks.o(i.prvAddCurrentTaskToDelayedList) refers to list.o(i.vListInsert) for vListInsert
    tasks.o(i.prvAddCurrentTaskToDelayedList) refers to tasks.o(.data) for xTickCount
    tasks.o(i.prvAddCurrentTaskToDelayedList) refers to tasks.o(.bss) for xSuspendedTaskList
    tasks.o(i.prvAddNewTaskToReadyList) refers to port.o(i.vPortEnterCritical) for vPortEnterCritical
    tasks.o(i.prvAddNewTaskToReadyList) refers to tasks.o(i.prvInitialiseTaskLists) for prvInitialiseTaskLists
    tasks.o(i.prvAddNewTaskToReadyList) refers to list.o(i.vListInsertEnd) for vListInsertEnd
    tasks.o(i.prvAddNewTaskToReadyList) refers to port.o(i.vPortExitCritical) for vPortExitCritical
    tasks.o(i.prvAddNewTaskToReadyList) refers to tasks.o(.data) for uxCurrentNumberOfTasks
    tasks.o(i.prvAddNewTaskToReadyList) refers to tasks.o(.bss) for pxReadyTasksLists
    tasks.o(i.prvCheckTasksWaitingTermination) refers to tasks.o(i.vTaskSuspendAll) for vTaskSuspendAll
    tasks.o(i.prvCheckTasksWaitingTermination) refers to tasks.o(i.xTaskResumeAll) for xTaskResumeAll
    tasks.o(i.prvCheckTasksWaitingTermination) refers to port.o(i.vPortEnterCritical) for vPortEnterCritical
    tasks.o(i.prvCheckTasksWaitingTermination) refers to list.o(i.uxListRemove) for uxListRemove
    tasks.o(i.prvCheckTasksWaitingTermination) refers to port.o(i.vPortExitCritical) for vPortExitCritical
    tasks.o(i.prvCheckTasksWaitingTermination) refers to tasks.o(i.prvDeleteTCB) for prvDeleteTCB
    tasks.o(i.prvCheckTasksWaitingTermination) refers to tasks.o(.bss) for xTasksWaitingTermination
    tasks.o(i.prvCheckTasksWaitingTermination) refers to tasks.o(.data) for uxCurrentNumberOfTasks
    tasks.o(i.prvDeleteTCB) refers to heap_1.o(i.vPortFree) for vPortFree
    tasks.o(i.prvIdleTask) refers to tasks.o(i.prvCheckTasksWaitingTermination) for prvCheckTasksWaitingTermination
    tasks.o(i.prvIdleTask) refers to tasks.o(.bss) for pxReadyTasksLists
    tasks.o(i.prvInitialiseNewTask) refers to list.o(i.vListInitialiseItem) for vListInitialiseItem
    tasks.o(i.prvInitialiseNewTask) refers to port.o(i.pxPortInitialiseStack) for pxPortInitialiseStack
    tasks.o(i.prvInitialiseTaskLists) refers to list.o(i.vListInitialise) for vListInitialise
    tasks.o(i.prvInitialiseTaskLists) refers to tasks.o(.bss) for pxReadyTasksLists
    tasks.o(i.prvInitialiseTaskLists) refers to tasks.o(.data) for pxDelayedTaskList
    tasks.o(i.prvResetNextTaskUnblockTime) refers to tasks.o(.data) for pxDelayedTaskList
    tasks.o(i.prvTaskIsTaskSuspended) refers to tasks.o(.bss) for xSuspendedTaskList
    tasks.o(i.ulTaskNotifyTake) refers to port.o(i.vPortEnterCritical) for vPortEnterCritical
    tasks.o(i.ulTaskNotifyTake) refers to tasks.o(i.prvAddCurrentTaskToDelayedList) for prvAddCurrentTaskToDelayedList
    tasks.o(i.ulTaskNotifyTake) refers to port.o(i.vPortExitCritical) for vPortExitCritical
    tasks.o(i.ulTaskNotifyTake) refers to tasks.o(.data) for pxCurrentTCB
    tasks.o(i.uxTaskGetNumberOfTasks) refers to tasks.o(.data) for uxCurrentNumberOfTasks
    tasks.o(i.uxTaskPriorityGet) refers to port.o(i.vPortEnterCritical) for vPortEnterCritical
    tasks.o(i.uxTaskPriorityGet) refers to port.o(i.vPortExitCritical) for vPortExitCritical
    tasks.o(i.uxTaskPriorityGet) refers to tasks.o(.data) for pxCurrentTCB
    tasks.o(i.uxTaskPriorityGetFromISR) refers to tasks.o(.data) for pxCurrentTCB
    tasks.o(i.uxTaskResetEventItemValue) refers to tasks.o(.data) for pxCurrentTCB
    tasks.o(i.vTaskDelay) refers to tasks.o(i.vTaskSuspendAll) for vTaskSuspendAll
    tasks.o(i.vTaskDelay) refers to tasks.o(i.prvAddCurrentTaskToDelayedList) for prvAddCurrentTaskToDelayedList
    tasks.o(i.vTaskDelay) refers to tasks.o(i.xTaskResumeAll) for xTaskResumeAll
    tasks.o(i.vTaskDelayUntil) refers to tasks.o(i.vTaskSuspendAll) for vTaskSuspendAll
    tasks.o(i.vTaskDelayUntil) refers to tasks.o(i.prvAddCurrentTaskToDelayedList) for prvAddCurrentTaskToDelayedList
    tasks.o(i.vTaskDelayUntil) refers to tasks.o(i.xTaskResumeAll) for xTaskResumeAll
    tasks.o(i.vTaskDelayUntil) refers to tasks.o(.data) for xTickCount
    tasks.o(i.vTaskDelete) refers to port.o(i.vPortEnterCritical) for vPortEnterCritical
    tasks.o(i.vTaskDelete) refers to list.o(i.uxListRemove) for uxListRemove
    tasks.o(i.vTaskDelete) refers to list.o(i.vListInsertEnd) for vListInsertEnd
    tasks.o(i.vTaskDelete) refers to tasks.o(i.prvDeleteTCB) for prvDeleteTCB
    tasks.o(i.vTaskDelete) refers to tasks.o(i.prvResetNextTaskUnblockTime) for prvResetNextTaskUnblockTime
    tasks.o(i.vTaskDelete) refers to port.o(i.vPortExitCritical) for vPortExitCritical
    tasks.o(i.vTaskDelete) refers to tasks.o(.data) for pxCurrentTCB
    tasks.o(i.vTaskDelete) refers to tasks.o(.bss) for xTasksWaitingTermination
    tasks.o(i.vTaskEndScheduler) refers to port.o(i.vPortEndScheduler) for vPortEndScheduler
    tasks.o(i.vTaskEndScheduler) refers to tasks.o(.data) for xSchedulerRunning
    tasks.o(i.vTaskMissedYield) refers to tasks.o(.data) for xYieldPending
    tasks.o(i.vTaskNotifyGiveFromISR) refers to list.o(i.uxListRemove) for uxListRemove
    tasks.o(i.vTaskNotifyGiveFromISR) refers to list.o(i.vListInsertEnd) for vListInsertEnd
    tasks.o(i.vTaskNotifyGiveFromISR) refers to tasks.o(.data) for uxSchedulerSuspended
    tasks.o(i.vTaskNotifyGiveFromISR) refers to tasks.o(.bss) for pxReadyTasksLists
    tasks.o(i.vTaskPlaceOnEventList) refers to list.o(i.vListInsert) for vListInsert
    tasks.o(i.vTaskPlaceOnEventList) refers to tasks.o(i.prvAddCurrentTaskToDelayedList) for prvAddCurrentTaskToDelayedList
    tasks.o(i.vTaskPlaceOnEventList) refers to tasks.o(.data) for pxCurrentTCB
    tasks.o(i.vTaskPlaceOnUnorderedEventList) refers to list.o(i.vListInsertEnd) for vListInsertEnd
    tasks.o(i.vTaskPlaceOnUnorderedEventList) refers to tasks.o(i.prvAddCurrentTaskToDelayedList) for prvAddCurrentTaskToDelayedList
    tasks.o(i.vTaskPlaceOnUnorderedEventList) refers to tasks.o(.data) for pxCurrentTCB
    tasks.o(i.vTaskPrioritySet) refers to port.o(i.vPortEnterCritical) for vPortEnterCritical
    tasks.o(i.vTaskPrioritySet) refers to list.o(i.uxListRemove) for uxListRemove
    tasks.o(i.vTaskPrioritySet) refers to list.o(i.vListInsertEnd) for vListInsertEnd
    tasks.o(i.vTaskPrioritySet) refers to port.o(i.vPortExitCritical) for vPortExitCritical
    tasks.o(i.vTaskPrioritySet) refers to tasks.o(.data) for pxCurrentTCB
    tasks.o(i.vTaskPrioritySet) refers to tasks.o(.bss) for pxReadyTasksLists
    tasks.o(i.vTaskResume) refers to port.o(i.vPortEnterCritical) for vPortEnterCritical
    tasks.o(i.vTaskResume) refers to tasks.o(i.prvTaskIsTaskSuspended) for prvTaskIsTaskSuspended
    tasks.o(i.vTaskResume) refers to list.o(i.uxListRemove) for uxListRemove
    tasks.o(i.vTaskResume) refers to list.o(i.vListInsertEnd) for vListInsertEnd
    tasks.o(i.vTaskResume) refers to port.o(i.vPortExitCritical) for vPortExitCritical
    tasks.o(i.vTaskResume) refers to tasks.o(.data) for pxCurrentTCB
    tasks.o(i.vTaskResume) refers to tasks.o(.bss) for pxReadyTasksLists
    tasks.o(i.vTaskSetTimeOutState) refers to tasks.o(.data) for xNumOfOverflows
    tasks.o(i.vTaskStartScheduler) refers to tasks.o(i.xTaskCreate) for xTaskCreate
    tasks.o(i.vTaskStartScheduler) refers to port.o(i.xPortStartScheduler) for xPortStartScheduler
    tasks.o(i.vTaskStartScheduler) refers to tasks.o(.data) for xIdleTaskHandle
    tasks.o(i.vTaskStartScheduler) refers to tasks.o(i.prvIdleTask) for prvIdleTask
    tasks.o(i.vTaskSuspend) refers to port.o(i.vPortEnterCritical) for vPortEnterCritical
    tasks.o(i.vTaskSuspend) refers to list.o(i.uxListRemove) for uxListRemove
    tasks.o(i.vTaskSuspend) refers to list.o(i.vListInsertEnd) for vListInsertEnd
    tasks.o(i.vTaskSuspend) refers to port.o(i.vPortExitCritical) for vPortExitCritical
    tasks.o(i.vTaskSuspend) refers to tasks.o(i.prvResetNextTaskUnblockTime) for prvResetNextTaskUnblockTime
    tasks.o(i.vTaskSuspend) refers to tasks.o(i.vTaskSwitchContext) for vTaskSwitchContext
    tasks.o(i.vTaskSuspend) refers to tasks.o(.data) for pxCurrentTCB
    tasks.o(i.vTaskSuspend) refers to tasks.o(.bss) for xSuspendedTaskList
    tasks.o(i.vTaskSuspendAll) refers to tasks.o(.data) for uxSchedulerSuspended
    tasks.o(i.vTaskSwitchContext) refers to tasks.o(.data) for uxSchedulerSuspended
    tasks.o(i.vTaskSwitchContext) refers to tasks.o(.bss) for pxReadyTasksLists
    tasks.o(i.xTaskCheckForTimeOut) refers to port.o(i.vPortEnterCritical) for vPortEnterCritical
    tasks.o(i.xTaskCheckForTimeOut) refers to tasks.o(i.vTaskSetTimeOutState) for vTaskSetTimeOutState
    tasks.o(i.xTaskCheckForTimeOut) refers to port.o(i.vPortExitCritical) for vPortExitCritical
    tasks.o(i.xTaskCheckForTimeOut) refers to tasks.o(.data) for xTickCount
    tasks.o(i.xTaskCreate) refers to heap_1.o(i.pvPortMalloc) for pvPortMalloc
    tasks.o(i.xTaskCreate) refers to heap_1.o(i.vPortFree) for vPortFree
    tasks.o(i.xTaskCreate) refers to tasks.o(i.prvInitialiseNewTask) for prvInitialiseNewTask
    tasks.o(i.xTaskCreate) refers to tasks.o(i.prvAddNewTaskToReadyList) for prvAddNewTaskToReadyList
    tasks.o(i.xTaskGenericNotify) refers to port.o(i.vPortEnterCritical) for vPortEnterCritical
    tasks.o(i.xTaskGenericNotify) refers to list.o(i.uxListRemove) for uxListRemove
    tasks.o(i.xTaskGenericNotify) refers to list.o(i.vListInsertEnd) for vListInsertEnd
    tasks.o(i.xTaskGenericNotify) refers to port.o(i.vPortExitCritical) for vPortExitCritical
    tasks.o(i.xTaskGenericNotify) refers to tasks.o(.data) for uxTopReadyPriority
    tasks.o(i.xTaskGenericNotify) refers to tasks.o(.bss) for pxReadyTasksLists
    tasks.o(i.xTaskGenericNotifyFromISR) refers to list.o(i.uxListRemove) for uxListRemove
    tasks.o(i.xTaskGenericNotifyFromISR) refers to list.o(i.vListInsertEnd) for vListInsertEnd
    tasks.o(i.xTaskGenericNotifyFromISR) refers to tasks.o(.data) for uxSchedulerSuspended
    tasks.o(i.xTaskGenericNotifyFromISR) refers to tasks.o(.bss) for pxReadyTasksLists
    tasks.o(i.xTaskGetCurrentTaskHandle) refers to tasks.o(.data) for pxCurrentTCB
    tasks.o(i.xTaskGetSchedulerState) refers to tasks.o(.data) for xSchedulerRunning
    tasks.o(i.xTaskGetTickCount) refers to tasks.o(.data) for xTickCount
    tasks.o(i.xTaskGetTickCountFromISR) refers to tasks.o(.data) for xTickCount
    tasks.o(i.xTaskIncrementTick) refers to tasks.o(i.prvResetNextTaskUnblockTime) for prvResetNextTaskUnblockTime
    tasks.o(i.xTaskIncrementTick) refers to list.o(i.uxListRemove) for uxListRemove
    tasks.o(i.xTaskIncrementTick) refers to list.o(i.vListInsertEnd) for vListInsertEnd
    tasks.o(i.xTaskIncrementTick) refers to tasks.o(.data) for uxSchedulerSuspended
    tasks.o(i.xTaskIncrementTick) refers to tasks.o(.bss) for pxReadyTasksLists
    tasks.o(i.xTaskNotifyStateClear) refers to port.o(i.vPortEnterCritical) for vPortEnterCritical
    tasks.o(i.xTaskNotifyStateClear) refers to port.o(i.vPortExitCritical) for vPortExitCritical
    tasks.o(i.xTaskNotifyStateClear) refers to tasks.o(.data) for pxCurrentTCB
    tasks.o(i.xTaskNotifyWait) refers to port.o(i.vPortEnterCritical) for vPortEnterCritical
    tasks.o(i.xTaskNotifyWait) refers to tasks.o(i.prvAddCurrentTaskToDelayedList) for prvAddCurrentTaskToDelayedList
    tasks.o(i.xTaskNotifyWait) refers to port.o(i.vPortExitCritical) for vPortExitCritical
    tasks.o(i.xTaskNotifyWait) refers to tasks.o(.data) for pxCurrentTCB
    tasks.o(i.xTaskRemoveFromEventList) refers to list.o(i.uxListRemove) for uxListRemove
    tasks.o(i.xTaskRemoveFromEventList) refers to list.o(i.vListInsertEnd) for vListInsertEnd
    tasks.o(i.xTaskRemoveFromEventList) refers to tasks.o(.data) for uxSchedulerSuspended
    tasks.o(i.xTaskRemoveFromEventList) refers to tasks.o(.bss) for pxReadyTasksLists
    tasks.o(i.xTaskRemoveFromUnorderedEventList) refers to list.o(i.uxListRemove) for uxListRemove
    tasks.o(i.xTaskRemoveFromUnorderedEventList) refers to list.o(i.vListInsertEnd) for vListInsertEnd
    tasks.o(i.xTaskRemoveFromUnorderedEventList) refers to tasks.o(.data) for uxTopReadyPriority
    tasks.o(i.xTaskRemoveFromUnorderedEventList) refers to tasks.o(.bss) for pxReadyTasksLists
    tasks.o(i.xTaskResumeAll) refers to port.o(i.vPortEnterCritical) for vPortEnterCritical
    tasks.o(i.xTaskResumeAll) refers to list.o(i.uxListRemove) for uxListRemove
    tasks.o(i.xTaskResumeAll) refers to list.o(i.vListInsertEnd) for vListInsertEnd
    tasks.o(i.xTaskResumeAll) refers to tasks.o(i.prvResetNextTaskUnblockTime) for prvResetNextTaskUnblockTime
    tasks.o(i.xTaskResumeAll) refers to tasks.o(i.xTaskIncrementTick) for xTaskIncrementTick
    tasks.o(i.xTaskResumeAll) refers to port.o(i.vPortExitCritical) for vPortExitCritical
    tasks.o(i.xTaskResumeAll) refers to tasks.o(.data) for uxSchedulerSuspended
    tasks.o(i.xTaskResumeAll) refers to tasks.o(.bss) for xPendingReadyList
    tasks.o(i.xTaskResumeFromISR) refers to tasks.o(i.prvTaskIsTaskSuspended) for prvTaskIsTaskSuspended
    tasks.o(i.xTaskResumeFromISR) refers to list.o(i.uxListRemove) for uxListRemove
    tasks.o(i.xTaskResumeFromISR) refers to list.o(i.vListInsertEnd) for vListInsertEnd
    tasks.o(i.xTaskResumeFromISR) refers to tasks.o(.data) for uxSchedulerSuspended
    tasks.o(i.xTaskResumeFromISR) refers to tasks.o(.bss) for pxReadyTasksLists
    main.o(i.main) refers to sysinit.o(i.RCC_Init) for RCC_Init
    main.o(i.main) refers to libexti.o(i.InitEXTI_9) for InitEXTI_9
    main.o(i.main) refers to sysinit.o(i.GPIO_Init) for GPIO_Init
    main.o(i.main) refers to libexti.o(i.EXTI9_5_IRQHandler) for EXTI9_5_IRQHandler
    libuart.o(i.USART1_Send_String) refers to libuart.o(i.USART1_Send_Char) for USART1_Send_Char
    libuart.o(i.USART2_Send_String) refers to libuart.o(i.USART2_Send_Char) for USART2_Send_Char
    lib_vtask.o(i.vTaskEXTI9_5_IRQHandler) refers to libexti.o(i.EXTI9_5_IRQHandler) for EXTI9_5_IRQHandler
    lib_vtask.o(i.vTaskMeasureTemp) refers to lib1wire.o(i.measure_temperature) for measure_temperature
    lib_vtask.o(i.vTaskMeasureTempRequest) refers to lib1wire.o(i.temp_measure_request) for temp_measure_request
    lib_vtask.o(i.vTaskUSART2_IRQHandlerAndroid) refers to libhc05.o(i.USART2_IRQHandler) for USART2_IRQHandler
    lib1wire.o(i.OW_Reset) refers to libuart.o(i.change_speed_USART1) for change_speed_USART1
    lib1wire.o(i.OW_Reset) refers to libuart.o(i.USART1_Send_Char) for USART1_Send_Char
    lib1wire.o(i.OW_Send) refers to lib1wire.o(i.OW_Reset) for OW_Reset
    lib1wire.o(i.OW_Send) refers to lib1wire.o(i.OW_toBits) for OW_toBits
    lib1wire.o(i.OW_Send) refers to libdma.o(i.Exchange_DMA1_USART1) for Exchange_DMA1_USART1
    lib1wire.o(i.OW_Send) refers to lib1wire.o(i.OW_toByte) for OW_toByte
    lib1wire.o(i.OW_Send) refers to libdma.o(.data) for ow_t_buf
    lib1wire.o(i.i_Button) refers to lib1wire.o(i.OW_Send) for OW_Send
    lib1wire.o(i.i_Button) refers to tasks.o(i.vTaskDelay) for vTaskDelay
    lib1wire.o(i.i_Button) refers to lib1wire.o(.data) for i_button_serial_num
    lib1wire.o(i.measure_temperature) refers to lib1wire.o(i.OW_Send) for OW_Send
    lib1wire.o(i.measure_temperature) refers to tasks.o(i.vTaskDelay) for vTaskDelay
    lib1wire.o(i.measure_temperature) refers to lib1wire.o(i.utoa_cycle_sub) for utoa_cycle_sub
    lib1wire.o(i.measure_temperature) refers to libuart.o(i.USART2_Send_String) for USART2_Send_String
    lib1wire.o(i.measure_temperature) refers to libuart.o(i.USART2_Send_Char) for USART2_Send_Char
    lib1wire.o(i.measure_temperature) refers to lib1wire.o(.data) for t_integer_current
    lib1wire.o(i.temp_measure_request) refers to lib1wire.o(i.OW_Send) for OW_Send
    lib1wire.o(i.temp_measure_request) refers to tasks.o(i.vTaskDelay) for vTaskDelay
    lib1wire.o(i.temp_measure_request) refers to lib1wire.o(i.utoa_cycle_sub) for utoa_cycle_sub
    lib1wire.o(i.temp_measure_request) refers to libuart.o(i.USART2_Send_String) for USART2_Send_String
    lib1wire.o(i.temp_measure_request) refers to libuart.o(i.USART2_Send_Char) for USART2_Send_Char
    lib1wire.o(i.temp_measure_request) refers to lib1wire.o(.data) for t_buffer_char
    lib1wire.o(i.utoa_cycle_sub) refers to lib1wire.o(.constdata) for pow10Table2_16
    libdma.o(i.Init_DMA1_USART1_RX) refers to libdma.o(.data) for ow_r_buf
    libdma.o(i.Init_DMA1_USART1_TX) refers to libdma.o(.data) for ow_t_buf
    libhc05.o(i.USART2_IRQHandler) refers to libuart.o(i.USART2_Send_String) for USART2_Send_String
    libhc05.o(i.USART2_IRQHandler) refers to libuart.o(i.USART2_Send_Char) for USART2_Send_Char
    libhc05.o(i.USART2_IRQHandler) refers to lib1wire.o(i.temp_measure_request) for temp_measure_request
    libexti.o(i.EXTI9_5_IRQHandler) refers to tasks.o(i.vTaskDelay) for vTaskDelay
    rt_memcpy_v6.o(.text) refers to rt_memcpy_w.o(.text) for __aeabi_memcpy4
    __main.o(!!!main) refers to __rtentry.o(.ARM.Collect$$rtentry$$00000000) for __rt_entry
    __rtentry.o(.ARM.Collect$$rtentry$$00000000) refers (Special) to __rtentry2.o(.ARM.Collect$$rtentry$$0000000A) for __rt_entry_li
    __rtentry.o(.ARM.Collect$$rtentry$$00000000) refers (Special) to __rtentry2.o(.ARM.Collect$$rtentry$$0000000D) for __rt_entry_main
    __rtentry.o(.ARM.Collect$$rtentry$$00000000) refers (Special) to __rtentry2.o(.ARM.Collect$$rtentry$$0000000C) for __rt_entry_postli_1
    __rtentry.o(.ARM.Collect$$rtentry$$00000000) refers (Special) to __rtentry2.o(.ARM.Collect$$rtentry$$00000009) for __rt_entry_postsh_1
    __rtentry.o(.ARM.Collect$$rtentry$$00000000) refers (Special) to __rtentry2.o(.ARM.Collect$$rtentry$$00000002) for __rt_entry_presh_1
    __rtentry.o(.ARM.Collect$$rtentry$$00000000) refers (Special) to __rtentry4.o(.ARM.Collect$$rtentry$$00000004) for __rt_entry_sh
    __rtentry2.o(.ARM.Collect$$rtentry$$00000008) refers to boardinit2.o(.text) for _platform_post_stackheap_init
    __rtentry2.o(.ARM.Collect$$rtentry$$0000000A) refers to libinit.o(.ARM.Collect$$libinit$$00000000) for __rt_lib_init
    __rtentry2.o(.ARM.Collect$$rtentry$$0000000B) refers to boardinit3.o(.text) for _platform_post_lib_init
    __rtentry2.o(.ARM.Collect$$rtentry$$0000000D) refers to main.o(i.main) for main
    __rtentry2.o(.ARM.Collect$$rtentry$$0000000D) refers to exit.o(.text) for exit
    __rtentry2.o(.ARM.exidx) refers to __rtentry2.o(.ARM.Collect$$rtentry$$00000001) for .ARM.Collect$$rtentry$$00000001
    __rtentry2.o(.ARM.exidx) refers to __rtentry2.o(.ARM.Collect$$rtentry$$00000008) for .ARM.Collect$$rtentry$$00000008
    __rtentry2.o(.ARM.exidx) refers to __rtentry2.o(.ARM.Collect$$rtentry$$0000000A) for .ARM.Collect$$rtentry$$0000000A
    __rtentry2.o(.ARM.exidx) refers to __rtentry2.o(.ARM.Collect$$rtentry$$0000000B) for .ARM.Collect$$rtentry$$0000000B
    __rtentry2.o(.ARM.exidx) refers to __rtentry2.o(.ARM.Collect$$rtentry$$0000000D) for .ARM.Collect$$rtentry$$0000000D
    __rtentry4.o(.ARM.Collect$$rtentry$$00000004) refers to sys_stackheap_outer.o(.text) for __user_setup_stackheap
    __rtentry4.o(.ARM.exidx) refers to __rtentry4.o(.ARM.Collect$$rtentry$$00000004) for .ARM.Collect$$rtentry$$00000004
    sys_stackheap_outer.o(.text) refers to libspace.o(.text) for __user_perproc_libspace
    sys_stackheap_outer.o(.text) refers to startup_stm32f10x_md_vl.o(.text) for __user_initial_stackheap
    exit.o(.text) refers to rtexit.o(.ARM.Collect$$rtexit$$00000000) for __rt_exit
    libinit.o(.ARM.Collect$$libinit$$00000000) refers (Special) to libinit2.o(.ARM.Collect$$libinit$$0000002E) for __rt_lib_init_alloca_1
    libinit.o(.ARM.Collect$$libinit$$00000000) refers (Special) to libinit2.o(.ARM.Collect$$libinit$$0000002C) for __rt_lib_init_argv_1
    libinit.o(.ARM.Collect$$libinit$$00000000) refers (Special) to libinit2.o(.ARM.Collect$$libinit$$0000001B) for __rt_lib_init_atexit_1
    libinit.o(.ARM.Collect$$libinit$$00000000) refers (Special) to libinit2.o(.ARM.Collect$$libinit$$00000021) for __rt_lib_init_clock_1
    libinit.o(.ARM.Collect$$libinit$$00000000) refers (Special) to libinit2.o(.ARM.Collect$$libinit$$00000032) for __rt_lib_init_cpp_1
    libinit.o(.ARM.Collect$$libinit$$00000000) refers (Special) to libinit2.o(.ARM.Collect$$libinit$$00000030) for __rt_lib_init_exceptions_1
    libinit.o(.ARM.Collect$$libinit$$00000000) refers (Special) to libinit2.o(.ARM.Collect$$libinit$$00000002) for __rt_lib_init_fp_1
    libinit.o(.ARM.Collect$$libinit$$00000000) refers (Special) to libinit2.o(.ARM.Collect$$libinit$$0000001F) for __rt_lib_init_fp_trap_1
    libinit.o(.ARM.Collect$$libinit$$00000000) refers (Special) to libinit2.o(.ARM.Collect$$libinit$$00000023) for __rt_lib_init_getenv_1
    libinit.o(.ARM.Collect$$libinit$$00000000) refers (Special) to libinit2.o(.ARM.Collect$$libinit$$0000000A) for __rt_lib_init_heap_1
    libinit.o(.ARM.Collect$$libinit$$00000000) refers (Special) to libinit2.o(.ARM.Collect$$libinit$$00000011) for __rt_lib_init_lc_collate_1
    libinit.o(.ARM.Collect$$libinit$$00000000) refers (Special) to libinit2.o(.ARM.Collect$$libinit$$00000013) for __rt_lib_init_lc_ctype_1
    libinit.o(.ARM.Collect$$libinit$$00000000) refers (Special) to libinit2.o(.ARM.Collect$$libinit$$00000015) for __rt_lib_init_lc_monetary_1
    libinit.o(.ARM.Collect$$libinit$$00000000) refers (Special) to libinit2.o(.ARM.Collect$$libinit$$00000017) for __rt_lib_init_lc_numeric_1
    libinit.o(.ARM.Collect$$libinit$$00000000) refers (Special) to libinit2.o(.ARM.Collect$$libinit$$00000019) for __rt_lib_init_lc_time_1
    libinit.o(.ARM.Collect$$libinit$$00000000) refers (Special) to libinit2.o(.ARM.Collect$$libinit$$00000004) for __rt_lib_init_preinit_1
    libinit.o(.ARM.Collect$$libinit$$00000000) refers (Special) to libinit2.o(.ARM.Collect$$libinit$$0000000E) for __rt_lib_init_rand_1
    libinit.o(.ARM.Collect$$libinit$$00000000) refers (Special) to libinit2.o(.ARM.Collect$$libinit$$00000033) for __rt_lib_init_return
    libinit.o(.ARM.Collect$$libinit$$00000000) refers (Special) to libinit2.o(.ARM.Collect$$libinit$$0000001D) for __rt_lib_init_signal_1
    libinit.o(.ARM.Collect$$libinit$$00000000) refers (Special) to libinit2.o(.ARM.Collect$$libinit$$00000025) for __rt_lib_init_stdio_1
    libinit.o(.ARM.Collect$$libinit$$00000000) refers (Special) to libinit2.o(.ARM.Collect$$libinit$$0000000C) for __rt_lib_init_user_alloc_1
    libspace.o(.text) refers to libspace.o(.bss) for __libspace_start
    rtexit.o(.ARM.Collect$$rtexit$$00000000) refers (Special) to rtexit2.o(.ARM.Collect$$rtexit$$00000004) for __rt_exit_exit
    rtexit.o(.ARM.Collect$$rtexit$$00000000) refers (Special) to rtexit2.o(.ARM.Collect$$rtexit$$00000003) for __rt_exit_ls
    rtexit.o(.ARM.Collect$$rtexit$$00000000) refers (Special) to rtexit2.o(.ARM.Collect$$rtexit$$00000002) for __rt_exit_prels_1
    rtexit.o(.ARM.exidx) refers (Special) to rtexit2.o(.ARM.Collect$$rtexit$$00000004) for __rt_exit_exit
    rtexit.o(.ARM.exidx) refers (Special) to rtexit2.o(.ARM.Collect$$rtexit$$00000003) for __rt_exit_ls
    rtexit.o(.ARM.exidx) refers (Special) to rtexit2.o(.ARM.Collect$$rtexit$$00000002) for __rt_exit_prels_1
    rtexit.o(.ARM.exidx) refers to rtexit.o(.ARM.Collect$$rtexit$$00000000) for .ARM.Collect$$rtexit$$00000000
    libinit2.o(.ARM.Collect$$libinit$$00000010) refers to libinit2.o(.ARM.Collect$$libinit$$0000000F) for .ARM.Collect$$libinit$$0000000F
    libinit2.o(.ARM.Collect$$libinit$$00000012) refers to libinit2.o(.ARM.Collect$$libinit$$0000000F) for .ARM.Collect$$libinit$$0000000F
    libinit2.o(.ARM.Collect$$libinit$$00000014) refers to libinit2.o(.ARM.Collect$$libinit$$0000000F) for .ARM.Collect$$libinit$$0000000F
    libinit2.o(.ARM.Collect$$libinit$$00000016) refers to libinit2.o(.ARM.Collect$$libinit$$0000000F) for .ARM.Collect$$libinit$$0000000F
    libinit2.o(.ARM.Collect$$libinit$$00000018) refers to libinit2.o(.ARM.Collect$$libinit$$0000000F) for .ARM.Collect$$libinit$$0000000F
    libinit2.o(.ARM.Collect$$libinit$$00000026) refers to argv_veneer.o(.emb_text) for __ARM_argv_veneer
    libinit2.o(.ARM.Collect$$libinit$$00000027) refers to argv_veneer.o(.emb_text) for __ARM_argv_veneer
    rtexit2.o(.ARM.Collect$$rtexit$$00000003) refers to libshutdown.o(.ARM.Collect$$libshutdown$$00000000) for __rt_lib_shutdown
    rtexit2.o(.ARM.Collect$$rtexit$$00000004) refers to sys_exit.o(.text) for _sys_exit
    rtexit2.o(.ARM.exidx) refers to rtexit2.o(.ARM.Collect$$rtexit$$00000001) for .ARM.Collect$$rtexit$$00000001
    rtexit2.o(.ARM.exidx) refers to rtexit2.o(.ARM.Collect$$rtexit$$00000003) for .ARM.Collect$$rtexit$$00000003
    rtexit2.o(.ARM.exidx) refers to rtexit2.o(.ARM.Collect$$rtexit$$00000004) for .ARM.Collect$$rtexit$$00000004
    argv_veneer.o(.emb_text) refers to no_argv.o(.text) for __ARM_get_argv
    sys_exit.o(.text) refers (Special) to use_no_semi.o(.text) for __I$use$semihosting
    sys_exit.o(.text) refers (Special) to indicate_semi.o(.text) for __semihosting_library_function
    _get_argv_nomalloc.o(.text) refers (Special) to hrguard.o(.text) for __heap_region$guard
    _get_argv_nomalloc.o(.text) refers to defsig_rtmem_outer.o(.text) for __rt_SIGRTMEM
    _get_argv_nomalloc.o(.text) refers to sys_command.o(.text) for _sys_command_string
    libshutdown.o(.ARM.Collect$$libshutdown$$00000000) refers (Special) to libshutdown2.o(.ARM.Collect$$libshutdown$$00000002) for __rt_lib_shutdown_cpp_1
    libshutdown.o(.ARM.Collect$$libshutdown$$00000000) refers (Special) to libshutdown2.o(.ARM.Collect$$libshutdown$$00000007) for __rt_lib_shutdown_fp_trap_1
    libshutdown.o(.ARM.Collect$$libshutdown$$00000000) refers (Special) to libshutdown2.o(.ARM.Collect$$libshutdown$$0000000F) for __rt_lib_shutdown_heap_1
    libshutdown.o(.ARM.Collect$$libshutdown$$00000000) refers (Special) to libshutdown2.o(.ARM.Collect$$libshutdown$$00000010) for __rt_lib_shutdown_return
    libshutdown.o(.ARM.Collect$$libshutdown$$00000000) refers (Special) to libshutdown2.o(.ARM.Collect$$libshutdown$$0000000A) for __rt_lib_shutdown_signal_1
    libshutdown.o(.ARM.Collect$$libshutdown$$00000000) refers (Special) to libshutdown2.o(.ARM.Collect$$libshutdown$$00000004) for __rt_lib_shutdown_stdio_1
    libshutdown.o(.ARM.Collect$$libshutdown$$00000000) refers (Special) to libshutdown2.o(.ARM.Collect$$libshutdown$$0000000C) for __rt_lib_shutdown_user_alloc_1
    sys_command.o(.text) refers (Special) to use_no_semi.o(.text) for __I$use$semihosting
    sys_command.o(.text) refers (Special) to indicate_semi.o(.text) for __semihosting_library_function
    defsig_rtmem_outer.o(.text) refers to defsig_rtmem_inner.o(.text) for __rt_SIGRTMEM_inner
    defsig_rtmem_outer.o(.text) refers to defsig_exit.o(.text) for __sig_exit
    defsig_rtmem_formal.o(.text) refers to rt_raise.o(.text) for __rt_raise
    rt_raise.o(.text) refers to __raise.o(.text) for __raise
    rt_raise.o(.text) refers to sys_exit.o(.text) for _sys_exit
    defsig_exit.o(.text) refers to sys_exit.o(.text) for _sys_exit
    defsig_rtmem_inner.o(.text) refers to defsig_general.o(.text) for __default_signal_display
    __raise.o(.text) refers to defsig.o(CL$$defsig) for __default_signal_handler
    defsig_general.o(.text) refers to sys_wrch.o(.text) for _ttywrch
    sys_wrch.o(.text) refers (Special) to use_no_semi.o(.text) for __I$use$semihosting
    sys_wrch.o(.text) refers (Special) to indicate_semi.o(.text) for __semihosting_library_function
    defsig.o(CL$$defsig) refers to defsig_rtmem_inner.o(.text) for __rt_SIGRTMEM_inner
    defsig_abrt_inner.o(.text) refers to defsig_general.o(.text) for __default_signal_display
    defsig_fpe_inner.o(.text) refers to defsig_general.o(.text) for __default_signal_display
    defsig_rtred_inner.o(.text) refers to defsig_general.o(.text) for __default_signal_display
    defsig_stak_inner.o(.text) refers to defsig_general.o(.text) for __default_signal_display
    defsig_pvfn_inner.o(.text) refers to defsig_general.o(.text) for __default_signal_display
    defsig_cppl_inner.o(.text) refers to defsig_general.o(.text) for __default_signal_display
    defsig_segv_inner.o(.text) refers to defsig_general.o(.text) for __default_signal_display
    defsig_other.o(.text) refers to defsig_general.o(.text) for __default_signal_display


==============================================================================

Removing Unused input sections from the image.

    Removing core_cm3.o(.emb_text), (32 bytes).
    Removing system_stm32f10x.o(i.SystemCoreClockUpdate), (164 bytes).
    Removing system_stm32f10x.o(.data), (20 bytes).
    Removing event_groups.o(i.prvTestWaitCondition), (30 bytes).
    Removing event_groups.o(i.vEventGroupClearBitsCallback), (16 bytes).
    Removing event_groups.o(i.vEventGroupDelete), (42 bytes).
    Removing event_groups.o(i.vEventGroupSetBitsCallback), (16 bytes).
    Removing event_groups.o(i.xEventGroupClearBits), (32 bytes).
    Removing event_groups.o(i.xEventGroupCreate), (26 bytes).
    Removing event_groups.o(i.xEventGroupGetBitsFromISR), (44 bytes).
    Removing event_groups.o(i.xEventGroupSetBits), (146 bytes).
    Removing event_groups.o(i.xEventGroupSync), (164 bytes).
    Removing event_groups.o(i.xEventGroupWaitBits), (200 bytes).
    Removing heap_1.o(i.pvPortMalloc), (112 bytes).
    Removing heap_1.o(i.vPortFree), (2 bytes).
    Removing heap_1.o(i.vPortInitialiseBlocks), (12 bytes).
    Removing heap_1.o(i.xPortGetFreeHeapSize), (16 bytes).
    Removing heap_1.o(.bss), (6144 bytes).
    Removing heap_1.o(.data), (8 bytes).
    Removing list.o(i.vListInitialise), (26 bytes).
    Removing list.o(i.vListInitialiseItem), (6 bytes).
    Removing port.o(i.prvTaskExitError), (22 bytes).
    Removing port.o(i.pxPortInitialiseStack), (36 bytes).
    Removing port.o(i.vPortEndScheduler), (2 bytes).
    Removing port.o(i.vPortSetupTimerInterrupt), (20 bytes).
    Removing port.o(i.xPortStartScheduler), (52 bytes).
    Removing queue.o(i.prvCopyDataFromQueue), (42 bytes).
    Removing queue.o(i.prvCopyDataToQueue), (106 bytes).
    Removing queue.o(i.prvInitialiseNewQueue), (38 bytes).
    Removing queue.o(i.prvIsQueueEmpty), (26 bytes).
    Removing queue.o(i.prvIsQueueFull), (30 bytes).
    Removing queue.o(i.prvUnlockQueue), (126 bytes).
    Removing queue.o(i.uxQueueMessagesWaiting), (18 bytes).
    Removing queue.o(i.uxQueueMessagesWaitingFromISR), (6 bytes).
    Removing queue.o(i.uxQueueSpacesAvailable), (24 bytes).
    Removing queue.o(i.vQueueDelete), (14 bytes).
    Removing queue.o(i.xQueueGenericCreate), (56 bytes).
    Removing queue.o(i.xQueueGenericReceive), (316 bytes).
    Removing queue.o(i.xQueueGenericReset), (128 bytes).
    Removing queue.o(i.xQueueGenericSend), (280 bytes).
    Removing queue.o(i.xQueueGenericSendFromISR), (134 bytes).
    Removing queue.o(i.xQueueGiveFromISR), (120 bytes).
    Removing queue.o(i.xQueueIsQueueEmptyFromISR), (14 bytes).
    Removing queue.o(i.xQueueIsQueueFullFromISR), (18 bytes).
    Removing queue.o(i.xQueuePeekFromISR), (74 bytes).
    Removing queue.o(i.xQueueReceiveFromISR), (130 bytes).
    Removing tasks.o(i.pcTaskGetName), (24 bytes).
    Removing tasks.o(i.prvAddNewTaskToReadyList), (176 bytes).
    Removing tasks.o(i.prvCheckTasksWaitingTermination), (100 bytes).
    Removing tasks.o(i.prvDeleteTCB), (18 bytes).
    Removing tasks.o(i.prvIdleTask), (40 bytes).
    Removing tasks.o(i.prvInitialiseNewTask), (128 bytes).
    Removing tasks.o(i.prvInitialiseTaskLists), (104 bytes).
    Removing tasks.o(i.prvTaskIsTaskSuspended), (64 bytes).
    Removing tasks.o(i.ulTaskNotifyTake), (116 bytes).
    Removing tasks.o(i.uxTaskGetNumberOfTasks), (12 bytes).
    Removing tasks.o(i.uxTaskPriorityGet), (36 bytes).
    Removing tasks.o(i.uxTaskPriorityGetFromISR), (56 bytes).
    Removing tasks.o(i.uxTaskResetEventItemValue), (28 bytes).
    Removing tasks.o(i.vTaskDelayUntil), (116 bytes).
    Removing tasks.o(i.vTaskDelete), (160 bytes).
    Removing tasks.o(i.vTaskEndScheduler), (36 bytes).
    Removing tasks.o(i.vTaskMissedYield), (12 bytes).
    Removing tasks.o(i.vTaskNotifyGiveFromISR), (176 bytes).
    Removing tasks.o(i.vTaskPlaceOnEventList), (32 bytes).
    Removing tasks.o(i.vTaskPlaceOnUnorderedEventList), (44 bytes).
    Removing tasks.o(i.vTaskPrioritySet), (212 bytes).
    Removing tasks.o(i.vTaskResume), (120 bytes).
    Removing tasks.o(i.vTaskSetTimeOutState), (24 bytes).
    Removing tasks.o(i.vTaskStartScheduler), (100 bytes).
    Removing tasks.o(i.vTaskSuspend), (148 bytes).
    Removing tasks.o(i.xTaskCheckForTimeOut), (92 bytes).
    Removing tasks.o(i.xTaskCreate), (96 bytes).
    Removing tasks.o(i.xTaskGenericNotify), (192 bytes).
    Removing tasks.o(i.xTaskGenericNotifyFromISR), (252 bytes).
    Removing tasks.o(i.xTaskGetCurrentTaskHandle), (12 bytes).
    Removing tasks.o(i.xTaskGetSchedulerState), (32 bytes).
    Removing tasks.o(i.xTaskGetTickCount), (12 bytes).
    Removing tasks.o(i.xTaskGetTickCountFromISR), (12 bytes).
    Removing tasks.o(i.xTaskNotifyStateClear), (52 bytes).
    Removing tasks.o(i.xTaskNotifyWait), (160 bytes).
    Removing tasks.o(i.xTaskRemoveFromEventList), (128 bytes).
    Removing tasks.o(i.xTaskRemoveFromUnorderedEventList), (108 bytes).
    Removing tasks.o(i.xTaskResumeFromISR), (148 bytes).
    Removing libuart.o(i.Init_USART1_for_1_Wire), (152 bytes).
    Removing libuart.o(i.Init_USART2_for_HC_05), (164 bytes).
    Removing libuart.o(i.USART1_Send_String), (28 bytes).
    Removing lib_vtask.o(i.vTaskEXTI9_5_IRQHandler), (8 bytes).
    Removing lib_vtask.o(i.vTaskMeasureTemp), (8 bytes).
    Removing lib_vtask.o(i.vTaskMeasureTempRequest), (8 bytes).
    Removing lib_vtask.o(i.vTaskUSART2_IRQHandlerAndroid), (8 bytes).
    Removing lib1wire.o(i.i_Button), (120 bytes).
    Removing lib1wire.o(i.measure_temperature), (136 bytes).
    Removing libdma.o(i.Init_DMA1_USART1_RX), (60 bytes).
    Removing libdma.o(i.Init_DMA1_USART1_TX), (96 bytes).

95 unused section(s) (total 13256 bytes) removed from the image.

==============================================================================

Image Symbol Table

    Local Symbols

    Symbol Name                              Value     Ov Type        Size  Object(Section)

    ../clib/angel/boardlib.s                 0x00000000   Number         0  boardshut.o ABSOLUTE
    ../clib/angel/boardlib.s                 0x00000000   Number         0  boardinit1.o ABSOLUTE
    ../clib/angel/boardlib.s                 0x00000000   Number         0  boardinit2.o ABSOLUTE
    ../clib/angel/boardlib.s                 0x00000000   Number         0  boardinit3.o ABSOLUTE
    ../clib/angel/handlers.s                 0x00000000   Number         0  __scatter_zi.o ABSOLUTE
    ../clib/angel/handlers.s                 0x00000000   Number         0  __scatter_copy.o ABSOLUTE
    ../clib/angel/kernel.s                   0x00000000   Number         0  rtexit.o ABSOLUTE
    ../clib/angel/kernel.s                   0x00000000   Number         0  __rtentry2.o ABSOLUTE
    ../clib/angel/kernel.s                   0x00000000   Number         0  __rtentry.o ABSOLUTE
    ../clib/angel/kernel.s                   0x00000000   Number         0  __rtentry4.o ABSOLUTE
    ../clib/angel/kernel.s                   0x00000000   Number         0  rtexit2.o ABSOLUTE
    ../clib/angel/rt.s                       0x00000000   Number         0  rt_raise.o ABSOLUTE
    ../clib/angel/scatter.s                  0x00000000   Number         0  __scatter.o ABSOLUTE
    ../clib/angel/startup.s                  0x00000000   Number         0  __main.o ABSOLUTE
    ../clib/angel/sys.s                      0x00000000   Number         0  use_no_semi.o ABSOLUTE
    ../clib/angel/sys.s                      0x00000000   Number         0  indicate_semi.o ABSOLUTE
    ../clib/angel/sys.s                      0x00000000   Number         0  sys_stackheap_outer.o ABSOLUTE
    ../clib/angel/sys.s                      0x00000000   Number         0  libspace.o ABSOLUTE
    ../clib/angel/sysapp.c                   0x00000000   Number         0  sys_exit.o ABSOLUTE
    ../clib/angel/sysapp.c                   0x00000000   Number         0  sys_command.o ABSOLUTE
    ../clib/angel/sysapp.c                   0x00000000   Number         0  sys_wrch.o ABSOLUTE
    ../clib/armsys.c                         0x00000000   Number         0  argv_veneer.o ABSOLUTE
    ../clib/armsys.c                         0x00000000   Number         0  _get_argv_nomalloc.o ABSOLUTE
    ../clib/armsys.c                         0x00000000   Number         0  no_argv.o ABSOLUTE
    ../clib/armsys.c                         0x00000000   Number         0  argv_veneer.o ABSOLUTE
    ../clib/heapalloc.c                      0x00000000   Number         0  hrguard.o ABSOLUTE
    ../clib/heapaux.c                        0x00000000   Number         0  heapauxi.o ABSOLUTE
    ../clib/libinit.s                        0x00000000   Number         0  libshutdown.o ABSOLUTE
    ../clib/libinit.s                        0x00000000   Number         0  libshutdown2.o ABSOLUTE
    ../clib/libinit.s                        0x00000000   Number         0  libinit.o ABSOLUTE
    ../clib/libinit.s                        0x00000000   Number         0  libinit2.o ABSOLUTE
    ../clib/memcpset.s                       0x00000000   Number         0  rt_memcpy_w.o ABSOLUTE
    ../clib/memcpset.s                       0x00000000   Number         0  rt_memcpy_v6.o ABSOLUTE
    ../clib/signal.c                         0x00000000   Number         0  defsig_abrt_inner.o ABSOLUTE
    ../clib/signal.c                         0x00000000   Number         0  defsig_other.o ABSOLUTE
    ../clib/signal.c                         0x00000000   Number         0  defsig_segv_inner.o ABSOLUTE
    ../clib/signal.c                         0x00000000   Number         0  defsig_cppl_inner.o ABSOLUTE
    ../clib/signal.c                         0x00000000   Number         0  defsig_pvfn_inner.o ABSOLUTE
    ../clib/signal.c                         0x00000000   Number         0  defsig_stak_inner.o ABSOLUTE
    ../clib/signal.c                         0x00000000   Number         0  defsig_rtred_inner.o ABSOLUTE
    ../clib/signal.c                         0x00000000   Number         0  defsig_fpe_inner.o ABSOLUTE
    ../clib/signal.c                         0x00000000   Number         0  defsig_rtmem_outer.o ABSOLUTE
    ../clib/signal.c                         0x00000000   Number         0  defsig_rtmem_formal.o ABSOLUTE
    ../clib/signal.c                         0x00000000   Number         0  __raise.o ABSOLUTE
    ../clib/signal.c                         0x00000000   Number         0  defsig_rtmem_inner.o ABSOLUTE
    ../clib/signal.c                         0x00000000   Number         0  defsig_exit.o ABSOLUTE
    ../clib/signal.c                         0x00000000   Number         0  defsig_general.o ABSOLUTE
    ../clib/signal.s                         0x00000000   Number         0  defsig.o ABSOLUTE
    ../clib/stdlib.c                         0x00000000   Number         0  exit.o ABSOLUTE
    ../fplib/fpinit.s                        0x00000000   Number         0  fpinit.o ABSOLUTE
    CMSIS\\src\\core_cm3.c                   0x00000000   Number         0  core_cm3.o ABSOLUTE
    CMSIS\src\core_cm3.c                     0x00000000   Number         0  core_cm3.o ABSOLUTE
    CMSIS\src\system_stm32f10x.c             0x00000000   Number         0  system_stm32f10x.o ABSOLUTE
    Code\src\lib1Wire.c                      0x00000000   Number         0  lib1wire.o ABSOLUTE
    Code\src\libDMA.c                        0x00000000   Number         0  libdma.o ABSOLUTE
    Code\src\libExti.c                       0x00000000   Number         0  libexti.o ABSOLUTE
    Code\src\libHc05.c                       0x00000000   Number         0  libhc05.o ABSOLUTE
    Code\src\libUART.c                       0x00000000   Number         0  libuart.o ABSOLUTE
    Code\src\lib_vTask.c                     0x00000000   Number         0  lib_vtask.o ABSOLUTE
    Code\src\main.c                          0x00000000   Number         0  main.o ABSOLUTE
    Code\src\sysInit.c                       0x00000000   Number         0  sysinit.o ABSOLUTE
    FreeRTOS\\src\\port.c                    0x00000000   Number         0  port.o ABSOLUTE
    FreeRTOS\src\croutine.c                  0x00000000   Number         0  croutine.o ABSOLUTE
    FreeRTOS\src\event_groups.c              0x00000000   Number         0  event_groups.o ABSOLUTE
    FreeRTOS\src\heap_1.c                    0x00000000   Number         0  heap_1.o ABSOLUTE
    FreeRTOS\src\list.c                      0x00000000   Number         0  list.o ABSOLUTE
    FreeRTOS\src\port.c                      0x00000000   Number         0  port.o ABSOLUTE
    FreeRTOS\src\queue.c                     0x00000000   Number         0  queue.o ABSOLUTE
    FreeRTOS\src\tasks.c                     0x00000000   Number         0  tasks.o ABSOLUTE
    FreeRTOS\src\timers.c                    0x00000000   Number         0  timers.o ABSOLUTE
    StartUp\startup_stm32f10x_md_vl.s        0x00000000   Number         0  startup_stm32f10x_md_vl.o ABSOLUTE
    dc.s                                     0x00000000   Number         0  dc.o ABSOLUTE
    RESET                                    0x08000000   Section      288  startup_stm32f10x_md_vl.o(RESET)
    !!!main                                  0x08000120   Section        8  __main.o(!!!main)
    !!!scatter                               0x08000128   Section       52  __scatter.o(!!!scatter)
    !!handler_copy                           0x0800015c   Section       26  __scatter_copy.o(!!handler_copy)
    !!handler_zi                             0x08000178   Section       28  __scatter_zi.o(!!handler_zi)
    .ARM.Collect$$libinit$$00000000          0x08000194   Section        2  libinit.o(.ARM.Collect$$libinit$$00000000)
    .ARM.Collect$$libinit$$00000002          0x08000196   Section        0  libinit2.o(.ARM.Collect$$libinit$$00000002)
    .ARM.Collect$$libinit$$00000004          0x08000196   Section        0  libinit2.o(.ARM.Collect$$libinit$$00000004)
    .ARM.Collect$$libinit$$0000000A          0x08000196   Section        0  libinit2.o(.ARM.Collect$$libinit$$0000000A)
    .ARM.Collect$$libinit$$0000000C          0x08000196   Section        0  libinit2.o(.ARM.Collect$$libinit$$0000000C)
    .ARM.Collect$$libinit$$0000000E          0x08000196   Section        0  libinit2.o(.ARM.Collect$$libinit$$0000000E)
    .ARM.Collect$$libinit$$00000011          0x08000196   Section        0  libinit2.o(.ARM.Collect$$libinit$$00000011)
    .ARM.Collect$$libinit$$00000013          0x08000196   Section        0  libinit2.o(.ARM.Collect$$libinit$$00000013)
    .ARM.Collect$$libinit$$00000015          0x08000196   Section        0  libinit2.o(.ARM.Collect$$libinit$$00000015)
    .ARM.Collect$$libinit$$00000017          0x08000196   Section        0  libinit2.o(.ARM.Collect$$libinit$$00000017)
    .ARM.Collect$$libinit$$00000019          0x08000196   Section        0  libinit2.o(.ARM.Collect$$libinit$$00000019)
    .ARM.Collect$$libinit$$0000001B          0x08000196   Section        0  libinit2.o(.ARM.Collect$$libinit$$0000001B)
    .ARM.Collect$$libinit$$0000001D          0x08000196   Section        0  libinit2.o(.ARM.Collect$$libinit$$0000001D)
    .ARM.Collect$$libinit$$0000001F          0x08000196   Section        0  libinit2.o(.ARM.Collect$$libinit$$0000001F)
    .ARM.Collect$$libinit$$00000021          0x08000196   Section        0  libinit2.o(.ARM.Collect$$libinit$$00000021)
    .ARM.Collect$$libinit$$00000023          0x08000196   Section        0  libinit2.o(.ARM.Collect$$libinit$$00000023)
    .ARM.Collect$$libinit$$00000025          0x08000196   Section        0  libinit2.o(.ARM.Collect$$libinit$$00000025)
    .ARM.Collect$$libinit$$0000002C          0x08000196   Section        0  libinit2.o(.ARM.Collect$$libinit$$0000002C)
    .ARM.Collect$$libinit$$0000002E          0x08000196   Section        0  libinit2.o(.ARM.Collect$$libinit$$0000002E)
    .ARM.Collect$$libinit$$00000030          0x08000196   Section        0  libinit2.o(.ARM.Collect$$libinit$$00000030)
    .ARM.Collect$$libinit$$00000032          0x08000196   Section        0  libinit2.o(.ARM.Collect$$libinit$$00000032)
    .ARM.Collect$$libinit$$00000033          0x08000196   Section        2  libinit2.o(.ARM.Collect$$libinit$$00000033)
    .ARM.Collect$$libshutdown$$00000000      0x08000198   Section        2  libshutdown.o(.ARM.Collect$$libshutdown$$00000000)
    .ARM.Collect$$libshutdown$$00000002      0x0800019a   Section        0  libshutdown2.o(.ARM.Collect$$libshutdown$$00000002)
    .ARM.Collect$$libshutdown$$00000004      0x0800019a   Section        0  libshutdown2.o(.ARM.Collect$$libshutdown$$00000004)
    .ARM.Collect$$libshutdown$$00000007      0x0800019a   Section        0  libshutdown2.o(.ARM.Collect$$libshutdown$$00000007)
    .ARM.Collect$$libshutdown$$0000000A      0x0800019a   Section        0  libshutdown2.o(.ARM.Collect$$libshutdown$$0000000A)
    .ARM.Collect$$libshutdown$$0000000C      0x0800019a   Section        0  libshutdown2.o(.ARM.Collect$$libshutdown$$0000000C)
    .ARM.Collect$$libshutdown$$0000000F      0x0800019a   Section        0  libshutdown2.o(.ARM.Collect$$libshutdown$$0000000F)
    .ARM.Collect$$libshutdown$$00000010      0x0800019a   Section        2  libshutdown2.o(.ARM.Collect$$libshutdown$$00000010)
    .ARM.Collect$$rtentry$$00000000          0x0800019c   Section        0  __rtentry.o(.ARM.Collect$$rtentry$$00000000)
    .ARM.Collect$$rtentry$$00000002          0x0800019c   Section        0  __rtentry2.o(.ARM.Collect$$rtentry$$00000002)
    .ARM.Collect$$rtentry$$00000004          0x0800019c   Section        6  __rtentry4.o(.ARM.Collect$$rtentry$$00000004)
    .ARM.Collect$$rtentry$$00000009          0x080001a2   Section        0  __rtentry2.o(.ARM.Collect$$rtentry$$00000009)
    .ARM.Collect$$rtentry$$0000000A          0x080001a2   Section        4  __rtentry2.o(.ARM.Collect$$rtentry$$0000000A)
    .ARM.Collect$$rtentry$$0000000C          0x080001a6   Section        0  __rtentry2.o(.ARM.Collect$$rtentry$$0000000C)
    .ARM.Collect$$rtentry$$0000000D          0x080001a6   Section        8  __rtentry2.o(.ARM.Collect$$rtentry$$0000000D)
    .ARM.Collect$$rtexit$$00000000           0x080001ae   Section        2  rtexit.o(.ARM.Collect$$rtexit$$00000000)
    .ARM.Collect$$rtexit$$00000002           0x080001b0   Section        0  rtexit2.o(.ARM.Collect$$rtexit$$00000002)
    .ARM.Collect$$rtexit$$00000003           0x080001b0   Section        4  rtexit2.o(.ARM.Collect$$rtexit$$00000003)
    .ARM.Collect$$rtexit$$00000004           0x080001b4   Section        6  rtexit2.o(.ARM.Collect$$rtexit$$00000004)
    .emb_text                                0x080001bc   Section      150  port.o(.emb_text)
    .text                                    0x08000254   Section       64  startup_stm32f10x_md_vl.o(.text)
    .text                                    0x08000294   Section        0  heapauxi.o(.text)
    .text                                    0x0800029a   Section       74  sys_stackheap_outer.o(.text)
    .text                                    0x080002e4   Section        0  exit.o(.text)
    .text                                    0x080002f8   Section        8  libspace.o(.text)
    .text                                    0x08000300   Section        0  sys_exit.o(.text)
    .text                                    0x0800030c   Section        2  use_no_semi.o(.text)
    .text                                    0x0800030e   Section        0  indicate_semi.o(.text)
    i.EXTI9_5_IRQHandler                     0x08000310   Section        0  libexti.o(i.EXTI9_5_IRQHandler)
    i.Exchange_DMA1_USART1                   0x08000350   Section        0  libdma.o(i.Exchange_DMA1_USART1)
    i.GPIO_Init                              0x080003dc   Section        0  sysinit.o(i.GPIO_Init)
    i.InitEXTI_9                             0x08000400   Section        0  libexti.o(i.InitEXTI_9)
    i.OW_Reset                               0x0800046c   Section        0  lib1wire.o(i.OW_Reset)
    i.OW_Send                                0x080004ac   Section        0  lib1wire.o(i.OW_Send)
    i.OW_toBits                              0x08000518   Section        0  lib1wire.o(i.OW_toBits)
    i.OW_toByte                              0x0800053a   Section        0  lib1wire.o(i.OW_toByte)
    i.RCC_Init                               0x0800055c   Section        0  sysinit.o(i.RCC_Init)
    i.SetSysClock                            0x08000614   Section        0  system_stm32f10x.o(i.SetSysClock)
    SetSysClock                              0x08000615   Thumb Code     8  system_stm32f10x.o(i.SetSysClock)
    i.SetSysClockTo72                        0x0800061c   Section        0  system_stm32f10x.o(i.SetSysClockTo72)
    SetSysClockTo72                          0x0800061d   Thumb Code   214  system_stm32f10x.o(i.SetSysClockTo72)
    i.SysTick_Handler                        0x080006fc   Section        0  port.o(i.SysTick_Handler)
    i.SystemInit                             0x08000730   Section        0  system_stm32f10x.o(i.SystemInit)
    i.USART1_Send_Char                       0x08000790   Section        0  libuart.o(i.USART1_Send_Char)
    i.USART2_IRQHandler                      0x080007ac   Section        0  libhc05.o(i.USART2_IRQHandler)
    i.USART2_Send_Char                       0x08000840   Section        0  libuart.o(i.USART2_Send_Char)
    i.USART2_Send_String                     0x0800085c   Section        0  libuart.o(i.USART2_Send_String)
    i.change_speed_USART1                    0x08000878   Section        0  libuart.o(i.change_speed_USART1)
    i.main                                   0x080008b8   Section        0  main.o(i.main)
    i.prvAddCurrentTaskToDelayedList         0x080008cc   Section        0  tasks.o(i.prvAddCurrentTaskToDelayedList)
    prvAddCurrentTaskToDelayedList           0x080008cd   Thumb Code   100  tasks.o(i.prvAddCurrentTaskToDelayedList)
    i.prvResetNextTaskUnblockTime            0x08000948   Section        0  tasks.o(i.prvResetNextTaskUnblockTime)
    prvResetNextTaskUnblockTime              0x08000949   Thumb Code    42  tasks.o(i.prvResetNextTaskUnblockTime)
    i.temp_measure_request                   0x0800097c   Section        0  lib1wire.o(i.temp_measure_request)
    i.utoa_cycle_sub                         0x080009f4   Section        0  lib1wire.o(i.utoa_cycle_sub)
    i.uxListRemove                           0x08000a4c   Section        0  list.o(i.uxListRemove)
    i.vListInsert                            0x08000a74   Section        0  list.o(i.vListInsert)
    i.vListInsertEnd                         0x08000aa8   Section        0  list.o(i.vListInsertEnd)
    i.vPortEnterCritical                     0x08000ac0   Section        0  port.o(i.vPortEnterCritical)
    i.vPortExitCritical                      0x08000ae4   Section        0  port.o(i.vPortExitCritical)
    i.vTaskDelay                             0x08000b04   Section        0  tasks.o(i.vTaskDelay)
    i.vTaskSuspendAll                        0x08000b38   Section        0  tasks.o(i.vTaskSuspendAll)
    i.vTaskSwitchContext                     0x08000b48   Section        0  tasks.o(i.vTaskSwitchContext)
    i.xTaskIncrementTick                     0x08000bc0   Section        0  tasks.o(i.xTaskIncrementTick)
    i.xTaskResumeAll                         0x08000cd8   Section        0  tasks.o(i.xTaskResumeAll)
    .constdata                               0x08000dc0   Section        4  lib1wire.o(.constdata)
    .data                                    0x20000000   Section        4  port.o(.data)
    uxCriticalNesting                        0x20000000   Data           4  port.o(.data)
    .data                                    0x20000004   Section       60  tasks.o(.data)
    pxDelayedTaskList                        0x20000008   Data           4  tasks.o(.data)
    pxOverflowDelayedTaskList                0x2000000c   Data           4  tasks.o(.data)
    uxDeletedTasksWaitingCleanUp             0x20000010   Data           4  tasks.o(.data)
    uxCurrentNumberOfTasks                   0x20000014   Data           4  tasks.o(.data)
    xTickCount                               0x20000018   Data           4  tasks.o(.data)
    uxTopReadyPriority                       0x2000001c   Data           4  tasks.o(.data)
    xSchedulerRunning                        0x20000020   Data           4  tasks.o(.data)
    uxPendedTicks                            0x20000024   Data           4  tasks.o(.data)
    xYieldPending                            0x20000028   Data           4  tasks.o(.data)
    xNumOfOverflows                          0x2000002c   Data           4  tasks.o(.data)
    uxTaskNumber                             0x20000030   Data           4  tasks.o(.data)
    xNextTaskUnblockTime                     0x20000034   Data           4  tasks.o(.data)
    xIdleTaskHandle                          0x20000038   Data           4  tasks.o(.data)
    uxSchedulerSuspended                     0x2000003c   Data           4  tasks.o(.data)
    .data                                    0x20000040   Section       17  lib1wire.o(.data)
    .data                                    0x20000051   Section       16  libdma.o(.data)
    .bss                                     0x20000064   Section      200  tasks.o(.bss)
    pxReadyTasksLists                        0x20000064   Data         100  tasks.o(.bss)
    xDelayedTaskList1                        0x200000c8   Data          20  tasks.o(.bss)
    xDelayedTaskList2                        0x200000dc   Data          20  tasks.o(.bss)
    xPendingReadyList                        0x200000f0   Data          20  tasks.o(.bss)
    xTasksWaitingTermination                 0x20000104   Data          20  tasks.o(.bss)
    xSuspendedTaskList                       0x20000118   Data          20  tasks.o(.bss)
    .bss                                     0x2000012c   Section       96  libspace.o(.bss)
    HEAP                                     0x20000190   Section      512  startup_stm32f10x_md_vl.o(HEAP)
    Heap_Mem                                 0x20000190   Data         512  startup_stm32f10x_md_vl.o(HEAP)
    STACK                                    0x20000390   Section     1024  startup_stm32f10x_md_vl.o(STACK)
    Stack_Mem                                0x20000390   Data        1024  startup_stm32f10x_md_vl.o(STACK)
    __initial_sp                             0x20000790   Data           0  startup_stm32f10x_md_vl.o(STACK)

    Global Symbols

    Symbol Name                              Value     Ov Type        Size  Object(Section)

    BuildAttributes$$THM_ISAv4$P$D$K$B$S$PE$A:L22UL41UL21$X:L11$S22US41US21$IEEE1$IW$USESV6$~STKCKD$USESV7$~SHL$OSPACE$ROPI$EBA8$UX$STANDARDLIB$REQ8$PRES8$EABIv2 0x00000000   Number         0  anon$$obj.o ABSOLUTE
    __ARM_use_no_argv                        0x00000000   Number         0  main.o ABSOLUTE
    __ARM_exceptions_init                     - Undefined Weak Reference
    __alloca_initialize                       - Undefined Weak Reference
    __arm_preinit_                            - Undefined Weak Reference
    __cpp_initialize__aeabi_                  - Undefined Weak Reference
    __cxa_finalize                            - Undefined Weak Reference
    __rt_locale                               - Undefined Weak Reference
    __sigvec_lookup                           - Undefined Weak Reference
    _atexit_init                              - Undefined Weak Reference
    _call_atexit_fns                          - Undefined Weak Reference
    _clock_init                               - Undefined Weak Reference
    _fp_trap_init                             - Undefined Weak Reference
    _fp_trap_shutdown                         - Undefined Weak Reference
    _get_lc_collate                           - Undefined Weak Reference
    _get_lc_ctype                             - Undefined Weak Reference
    _get_lc_monetary                          - Undefined Weak Reference
    _get_lc_numeric                           - Undefined Weak Reference
    _get_lc_time                              - Undefined Weak Reference
    _getenv_init                              - Undefined Weak Reference
    _handle_redirection                       - Undefined Weak Reference
    _init_alloc                               - Undefined Weak Reference
    _init_user_alloc                          - Undefined Weak Reference
    _initio                                   - Undefined Weak Reference
    _rand_init                                - Undefined Weak Reference
    _signal_finish                            - Undefined Weak Reference
    _signal_init                              - Undefined Weak Reference
    _terminate_alloc                          - Undefined Weak Reference
    _terminate_user_alloc                     - Undefined Weak Reference
    _terminateio                              - Undefined Weak Reference
    __Vectors_Size                           0x00000120   Number         0  startup_stm32f10x_md_vl.o ABSOLUTE
    __Vectors                                0x08000000   Data           4  startup_stm32f10x_md_vl.o(RESET)
    __Vectors_End                            0x08000120   Data           0  startup_stm32f10x_md_vl.o(RESET)
    __main                                   0x08000121   Thumb Code     8  __main.o(!!!main)
    __scatterload                            0x08000129   Thumb Code     0  __scatter.o(!!!scatter)
    __scatterload_rt2                        0x08000129   Thumb Code    44  __scatter.o(!!!scatter)
    __scatterload_rt2_thumb_only             0x08000129   Thumb Code     0  __scatter.o(!!!scatter)
    __scatterload_null                       0x08000137   Thumb Code     0  __scatter.o(!!!scatter)
    __scatterload_copy                       0x0800015d   Thumb Code    26  __scatter_copy.o(!!handler_copy)
    __scatterload_zeroinit                   0x08000179   Thumb Code    28  __scatter_zi.o(!!handler_zi)
    __rt_lib_init                            0x08000195   Thumb Code     0  libinit.o(.ARM.Collect$$libinit$$00000000)
    __rt_lib_init_alloca_1                   0x08000197   Thumb Code     0  libinit2.o(.ARM.Collect$$libinit$$0000002E)
    __rt_lib_init_argv_1                     0x08000197   Thumb Code     0  libinit2.o(.ARM.Collect$$libinit$$0000002C)
    __rt_lib_init_atexit_1                   0x08000197   Thumb Code     0  libinit2.o(.ARM.Collect$$libinit$$0000001B)
    __rt_lib_init_clock_1                    0x08000197   Thumb Code     0  libinit2.o(.ARM.Collect$$libinit$$00000021)
    __rt_lib_init_cpp_1                      0x08000197   Thumb Code     0  libinit2.o(.ARM.Collect$$libinit$$00000032)
    __rt_lib_init_exceptions_1               0x08000197   Thumb Code     0  libinit2.o(.ARM.Collect$$libinit$$00000030)
    __rt_lib_init_fp_1                       0x08000197   Thumb Code     0  libinit2.o(.ARM.Collect$$libinit$$00000002)
    __rt_lib_init_fp_trap_1                  0x08000197   Thumb Code     0  libinit2.o(.ARM.Collect$$libinit$$0000001F)
    __rt_lib_init_getenv_1                   0x08000197   Thumb Code     0  libinit2.o(.ARM.Collect$$libinit$$00000023)
    __rt_lib_init_heap_1                     0x08000197   Thumb Code     0  libinit2.o(.ARM.Collect$$libinit$$0000000A)
    __rt_lib_init_lc_collate_1               0x08000197   Thumb Code     0  libinit2.o(.ARM.Collect$$libinit$$00000011)
    __rt_lib_init_lc_ctype_1                 0x08000197   Thumb Code     0  libinit2.o(.ARM.Collect$$libinit$$00000013)
    __rt_lib_init_lc_monetary_1              0x08000197   Thumb Code     0  libinit2.o(.ARM.Collect$$libinit$$00000015)
    __rt_lib_init_lc_numeric_1               0x08000197   Thumb Code     0  libinit2.o(.ARM.Collect$$libinit$$00000017)
    __rt_lib_init_lc_time_1                  0x08000197   Thumb Code     0  libinit2.o(.ARM.Collect$$libinit$$00000019)
    __rt_lib_init_preinit_1                  0x08000197   Thumb Code     0  libinit2.o(.ARM.Collect$$libinit$$00000004)
    __rt_lib_init_rand_1                     0x08000197   Thumb Code     0  libinit2.o(.ARM.Collect$$libinit$$0000000E)
    __rt_lib_init_return                     0x08000197   Thumb Code     0  libinit2.o(.ARM.Collect$$libinit$$00000033)
    __rt_lib_init_signal_1                   0x08000197   Thumb Code     0  libinit2.o(.ARM.Collect$$libinit$$0000001D)
    __rt_lib_init_stdio_1                    0x08000197   Thumb Code     0  libinit2.o(.ARM.Collect$$libinit$$00000025)
    __rt_lib_init_user_alloc_1               0x08000197   Thumb Code     0  libinit2.o(.ARM.Collect$$libinit$$0000000C)
    __rt_lib_shutdown                        0x08000199   Thumb Code     0  libshutdown.o(.ARM.Collect$$libshutdown$$00000000)
    __rt_lib_shutdown_cpp_1                  0x0800019b   Thumb Code     0  libshutdown2.o(.ARM.Collect$$libshutdown$$00000002)
    __rt_lib_shutdown_fp_trap_1              0x0800019b   Thumb Code     0  libshutdown2.o(.ARM.Collect$$libshutdown$$00000007)
    __rt_lib_shutdown_heap_1                 0x0800019b   Thumb Code     0  libshutdown2.o(.ARM.Collect$$libshutdown$$0000000F)
    __rt_lib_shutdown_return                 0x0800019b   Thumb Code     0  libshutdown2.o(.ARM.Collect$$libshutdown$$00000010)
    __rt_lib_shutdown_signal_1               0x0800019b   Thumb Code     0  libshutdown2.o(.ARM.Collect$$libshutdown$$0000000A)
    __rt_lib_shutdown_stdio_1                0x0800019b   Thumb Code     0  libshutdown2.o(.ARM.Collect$$libshutdown$$00000004)
    __rt_lib_shutdown_user_alloc_1           0x0800019b   Thumb Code     0  libshutdown2.o(.ARM.Collect$$libshutdown$$0000000C)
    __rt_entry                               0x0800019d   Thumb Code     0  __rtentry.o(.ARM.Collect$$rtentry$$00000000)
    __rt_entry_presh_1                       0x0800019d   Thumb Code     0  __rtentry2.o(.ARM.Collect$$rtentry$$00000002)
    __rt_entry_sh                            0x0800019d   Thumb Code     0  __rtentry4.o(.ARM.Collect$$rtentry$$00000004)
    __rt_entry_li                            0x080001a3   Thumb Code     0  __rtentry2.o(.ARM.Collect$$rtentry$$0000000A)
    __rt_entry_postsh_1                      0x080001a3   Thumb Code     0  __rtentry2.o(.ARM.Collect$$rtentry$$00000009)
    __rt_entry_main                          0x080001a7   Thumb Code     0  __rtentry2.o(.ARM.Collect$$rtentry$$0000000D)
    __rt_entry_postli_1                      0x080001a7   Thumb Code     0  __rtentry2.o(.ARM.Collect$$rtentry$$0000000C)
    __rt_exit                                0x080001af   Thumb Code     0  rtexit.o(.ARM.Collect$$rtexit$$00000000)
    __rt_exit_ls                             0x080001b1   Thumb Code     0  rtexit2.o(.ARM.Collect$$rtexit$$00000003)
    __rt_exit_prels_1                        0x080001b1   Thumb Code     0  rtexit2.o(.ARM.Collect$$rtexit$$00000002)
    __rt_exit_exit                           0x080001b5   Thumb Code     0  rtexit2.o(.ARM.Collect$$rtexit$$00000004)
    SVC_Handler                              0x080001bd   Thumb Code    32  port.o(.emb_text)
    __asm___6_port_c_39a90d8d__prvStartFirstTask 0x080001e1   Thumb Code    28  port.o(.emb_text)
    PendSV_Handler                           0x08000201   Thumb Code    72  port.o(.emb_text)
    vPortGetIPSR                             0x0800024d   Thumb Code     6  port.o(.emb_text)
    Reset_Handler                            0x08000255   Thumb Code     8  startup_stm32f10x_md_vl.o(.text)
    NMI_Handler                              0x0800025d   Thumb Code     2  startup_stm32f10x_md_vl.o(.text)
    HardFault_Handler                        0x0800025f   Thumb Code     2  startup_stm32f10x_md_vl.o(.text)
    MemManage_Handler                        0x08000261   Thumb Code     2  startup_stm32f10x_md_vl.o(.text)
    BusFault_Handler                         0x08000263   Thumb Code     2  startup_stm32f10x_md_vl.o(.text)
    UsageFault_Handler                       0x08000265   Thumb Code     2  startup_stm32f10x_md_vl.o(.text)
    DebugMon_Handler                         0x08000269   Thumb Code     2  startup_stm32f10x_md_vl.o(.text)
    ADC1_IRQHandler                          0x0800026f   Thumb Code     0  startup_stm32f10x_md_vl.o(.text)
    CEC_IRQHandler                           0x0800026f   Thumb Code     0  startup_stm32f10x_md_vl.o(.text)
    DMA1_Channel1_IRQHandler                 0x0800026f   Thumb Code     0  startup_stm32f10x_md_vl.o(.text)
    DMA1_Channel2_IRQHandler                 0x0800026f   Thumb Code     0  startup_stm32f10x_md_vl.o(.text)
    DMA1_Channel3_IRQHandler                 0x0800026f   Thumb Code     0  startup_stm32f10x_md_vl.o(.text)
    DMA1_Channel4_IRQHandler                 0x0800026f   Thumb Code     0  startup_stm32f10x_md_vl.o(.text)
    DMA1_Channel5_IRQHandler                 0x0800026f   Thumb Code     0  startup_stm32f10x_md_vl.o(.text)
    DMA1_Channel6_IRQHandler                 0x0800026f   Thumb Code     0  startup_stm32f10x_md_vl.o(.text)
    DMA1_Channel7_IRQHandler                 0x0800026f   Thumb Code     0  startup_stm32f10x_md_vl.o(.text)
    EXTI0_IRQHandler                         0x0800026f   Thumb Code     0  startup_stm32f10x_md_vl.o(.text)
    EXTI15_10_IRQHandler                     0x0800026f   Thumb Code     0  startup_stm32f10x_md_vl.o(.text)
    EXTI1_IRQHandler                         0x0800026f   Thumb Code     0  startup_stm32f10x_md_vl.o(.text)
    EXTI2_IRQHandler                         0x0800026f   Thumb Code     0  startup_stm32f10x_md_vl.o(.text)
    EXTI3_IRQHandler                         0x0800026f   Thumb Code     0  startup_stm32f10x_md_vl.o(.text)
    EXTI4_IRQHandler                         0x0800026f   Thumb Code     0  startup_stm32f10x_md_vl.o(.text)
    FLASH_IRQHandler                         0x0800026f   Thumb Code     0  startup_stm32f10x_md_vl.o(.text)
    I2C1_ER_IRQHandler                       0x0800026f   Thumb Code     0  startup_stm32f10x_md_vl.o(.text)
    I2C1_EV_IRQHandler                       0x0800026f   Thumb Code     0  startup_stm32f10x_md_vl.o(.text)
    I2C2_ER_IRQHandler                       0x0800026f   Thumb Code     0  startup_stm32f10x_md_vl.o(.text)
    I2C2_EV_IRQHandler                       0x0800026f   Thumb Code     0  startup_stm32f10x_md_vl.o(.text)
    PVD_IRQHandler                           0x0800026f   Thumb Code     0  startup_stm32f10x_md_vl.o(.text)
    RCC_IRQHandler                           0x0800026f   Thumb Code     0  startup_stm32f10x_md_vl.o(.text)
    RTCAlarm_IRQHandler                      0x0800026f   Thumb Code     0  startup_stm32f10x_md_vl.o(.text)
    RTC_IRQHandler                           0x0800026f   Thumb Code     0  startup_stm32f10x_md_vl.o(.text)
    SPI1_IRQHandler                          0x0800026f   Thumb Code     0  startup_stm32f10x_md_vl.o(.text)
    SPI2_IRQHandler                          0x0800026f   Thumb Code     0  startup_stm32f10x_md_vl.o(.text)
    TAMPER_IRQHandler                        0x0800026f   Thumb Code     0  startup_stm32f10x_md_vl.o(.text)
    TIM1_BRK_TIM15_IRQHandler                0x0800026f   Thumb Code     0  startup_stm32f10x_md_vl.o(.text)
    TIM1_CC_IRQHandler                       0x0800026f   Thumb Code     0  startup_stm32f10x_md_vl.o(.text)
    TIM1_TRG_COM_TIM17_IRQHandler            0x0800026f   Thumb Code     0  startup_stm32f10x_md_vl.o(.text)
    TIM1_UP_TIM16_IRQHandler                 0x0800026f   Thumb Code     0  startup_stm32f10x_md_vl.o(.text)
    TIM2_IRQHandler                          0x0800026f   Thumb Code     0  startup_stm32f10x_md_vl.o(.text)
    TIM3_IRQHandler                          0x0800026f   Thumb Code     0  startup_stm32f10x_md_vl.o(.text)
    TIM4_IRQHandler                          0x0800026f   Thumb Code     0  startup_stm32f10x_md_vl.o(.text)
    TIM6_DAC_IRQHandler                      0x0800026f   Thumb Code     0  startup_stm32f10x_md_vl.o(.text)
    TIM7_IRQHandler                          0x0800026f   Thumb Code     0  startup_stm32f10x_md_vl.o(.text)
    USART1_IRQHandler                        0x0800026f   Thumb Code     0  startup_stm32f10x_md_vl.o(.text)
    USART3_IRQHandler                        0x0800026f   Thumb Code     0  startup_stm32f10x_md_vl.o(.text)
    WWDG_IRQHandler                          0x0800026f   Thumb Code     0  startup_stm32f10x_md_vl.o(.text)
    __user_initial_stackheap                 0x08000271   Thumb Code     0  startup_stm32f10x_md_vl.o(.text)
    __use_two_region_memory                  0x08000295   Thumb Code     2  heapauxi.o(.text)
    __rt_heap_escrow$2region                 0x08000297   Thumb Code     2  heapauxi.o(.text)
    __rt_heap_expand$2region                 0x08000299   Thumb Code     2  heapauxi.o(.text)
    __user_setup_stackheap                   0x0800029b   Thumb Code    74  sys_stackheap_outer.o(.text)
    exit                                     0x080002e5   Thumb Code    18  exit.o(.text)
    __user_libspace                          0x080002f9   Thumb Code     8  libspace.o(.text)
    __user_perproc_libspace                  0x080002f9   Thumb Code     0  libspace.o(.text)
    __user_perthread_libspace                0x080002f9   Thumb Code     0  libspace.o(.text)
    _sys_exit                                0x08000301   Thumb Code     8  sys_exit.o(.text)
    __I$use$semihosting                      0x0800030d   Thumb Code     0  use_no_semi.o(.text)
    __use_no_semihosting_swi                 0x0800030d   Thumb Code     2  use_no_semi.o(.text)
    __semihosting_library_function           0x0800030f   Thumb Code     0  indicate_semi.o(.text)
    EXTI9_5_IRQHandler                       0x08000311   Thumb Code    56  libexti.o(i.EXTI9_5_IRQHandler)
    Exchange_DMA1_USART1                     0x08000351   Thumb Code   132  libdma.o(i.Exchange_DMA1_USART1)
    GPIO_Init                                0x080003dd   Thumb Code    26  sysinit.o(i.GPIO_Init)
    InitEXTI_9                               0x08000401   Thumb Code    94  libexti.o(i.InitEXTI_9)
    OW_Reset                                 0x0800046d   Thumb Code    58  lib1wire.o(i.OW_Reset)
    OW_Send                                  0x080004ad   Thumb Code    98  lib1wire.o(i.OW_Send)
    OW_toBits                                0x08000519   Thumb Code    34  lib1wire.o(i.OW_toBits)
    OW_toByte                                0x0800053b   Thumb Code    32  lib1wire.o(i.OW_toByte)
    RCC_Init                                 0x0800055d   Thumb Code   174  sysinit.o(i.RCC_Init)
    SysTick_Handler                          0x080006fd   Thumb Code    46  port.o(i.SysTick_Handler)
    SystemInit                               0x08000731   Thumb Code    78  system_stm32f10x.o(i.SystemInit)
    USART1_Send_Char                         0x08000791   Thumb Code    22  libuart.o(i.USART1_Send_Char)
    USART2_IRQHandler                        0x080007ad   Thumb Code   120  libhc05.o(i.USART2_IRQHandler)
    USART2_Send_Char                         0x08000841   Thumb Code    22  libuart.o(i.USART2_Send_Char)
    USART2_Send_String                       0x0800085d   Thumb Code    28  libuart.o(i.USART2_Send_String)
    change_speed_USART1                      0x08000879   Thumb Code    56  libuart.o(i.change_speed_USART1)
    main                                     0x080008b9   Thumb Code    20  main.o(i.main)
    temp_measure_request                     0x0800097d   Thumb Code    94  lib1wire.o(i.temp_measure_request)
    utoa_cycle_sub                           0x080009f5   Thumb Code    82  lib1wire.o(i.utoa_cycle_sub)
    uxListRemove                             0x08000a4d   Thumb Code    40  list.o(i.uxListRemove)
    vListInsert                              0x08000a75   Thumb Code    52  list.o(i.vListInsert)
    vListInsertEnd                           0x08000aa9   Thumb Code    24  list.o(i.vListInsertEnd)
    vPortEnterCritical                       0x08000ac1   Thumb Code    30  port.o(i.vPortEnterCritical)
    vPortExitCritical                        0x08000ae5   Thumb Code    28  port.o(i.vPortExitCritical)
    vTaskDelay                               0x08000b05   Thumb Code    46  tasks.o(i.vTaskDelay)
    vTaskSuspendAll                          0x08000b39   Thumb Code    12  tasks.o(i.vTaskSuspendAll)
    vTaskSwitchContext                       0x08000b49   Thumb Code    98  tasks.o(i.vTaskSwitchContext)
    xTaskIncrementTick                       0x08000bc1   Thumb Code   236  tasks.o(i.xTaskIncrementTick)
    xTaskResumeAll                           0x08000cd9   Thumb Code   194  tasks.o(i.xTaskResumeAll)
    pow10Table2_16                           0x08000dc0   Data           4  lib1wire.o(.constdata)
    Region$$Table$$Base                      0x08000dc4   Number         0  anon$$obj.o(Region$$Table)
    Region$$Table$$Limit                     0x08000de4   Number         0  anon$$obj.o(Region$$Table)
    pxCurrentTCB                             0x20000004   Data           4  tasks.o(.data)
    t_integer_current                        0x20000040   Data           1  lib1wire.o(.data)
    i_button_serial_num                      0x20000048   Data           8  lib1wire.o(.data)
    t_buffer_char                            0x20000050   Data           1  lib1wire.o(.data)
    ow_t_buf                                 0x20000051   Data           8  libdma.o(.data)
    ow_r_buf                                 0x20000059   Data           8  libdma.o(.data)
    __libspace_start                         0x2000012c   Data          96  libspace.o(.bss)
    __temporary_stack_top$libspace           0x2000018c   Data           0  libspace.o(.bss)



==============================================================================

Memory Map of the image

  Image Entry point : 0x08000255

  Load Region LR_1 (Base: 0x08000000, Size: 0x00000e48, Max: 0xffffffff, ABSOLUTE)

    Execution Region ER_RO (Exec base: 0x08000000, Load base: 0x08000000, Size: 0x00000de4, Max: 0xffffffff, ABSOLUTE)

    Exec Addr    Load Addr    Size         Type   Attr      Idx    E Section Name        Object

    0x08000000   0x08000000   0x00000120   Data   RO            3    RESET               startup_stm32f10x_md_vl.o
    0x08000120   0x08000120   0x00000008   Code   RO         1022  * !!!main             c_w.l(__main.o)
    0x08000128   0x08000128   0x00000034   Code   RO         1181    !!!scatter          c_w.l(__scatter.o)
    0x0800015c   0x0800015c   0x0000001a   Code   RO         1183    !!handler_copy      c_w.l(__scatter_copy.o)
    0x08000176   0x08000176   0x00000002   PAD
    0x08000178   0x08000178   0x0000001c   Code   RO         1185    !!handler_zi        c_w.l(__scatter_zi.o)
    0x08000194   0x08000194   0x00000002   Code   RO         1051    .ARM.Collect$$libinit$$00000000  c_w.l(libinit.o)
    0x08000196   0x08000196   0x00000000   Code   RO         1058    .ARM.Collect$$libinit$$00000002  c_w.l(libinit2.o)
    0x08000196   0x08000196   0x00000000   Code   RO         1060    .ARM.Collect$$libinit$$00000004  c_w.l(libinit2.o)
    0x08000196   0x08000196   0x00000000   Code   RO         1063    .ARM.Collect$$libinit$$0000000A  c_w.l(libinit2.o)
    0x08000196   0x08000196   0x00000000   Code   RO         1065    .ARM.Collect$$libinit$$0000000C  c_w.l(libinit2.o)
    0x08000196   0x08000196   0x00000000   Code   RO         1067    .ARM.Collect$$libinit$$0000000E  c_w.l(libinit2.o)
    0x08000196   0x08000196   0x00000000   Code   RO         1070    .ARM.Collect$$libinit$$00000011  c_w.l(libinit2.o)
    0x08000196   0x08000196   0x00000000   Code   RO         1072    .ARM.Collect$$libinit$$00000013  c_w.l(libinit2.o)
    0x08000196   0x08000196   0x00000000   Code   RO         1074    .ARM.Collect$$libinit$$00000015  c_w.l(libinit2.o)
    0x08000196   0x08000196   0x00000000   Code   RO         1076    .ARM.Collect$$libinit$$00000017  c_w.l(libinit2.o)
    0x08000196   0x08000196   0x00000000   Code   RO         1078    .ARM.Collect$$libinit$$00000019  c_w.l(libinit2.o)
    0x08000196   0x08000196   0x00000000   Code   RO         1080    .ARM.Collect$$libinit$$0000001B  c_w.l(libinit2.o)
    0x08000196   0x08000196   0x00000000   Code   RO         1082    .ARM.Collect$$libinit$$0000001D  c_w.l(libinit2.o)
    0x08000196   0x08000196   0x00000000   Code   RO         1084    .ARM.Collect$$libinit$$0000001F  c_w.l(libinit2.o)
    0x08000196   0x08000196   0x00000000   Code   RO         1086    .ARM.Collect$$libinit$$00000021  c_w.l(libinit2.o)
    0x08000196   0x08000196   0x00000000   Code   RO         1088    .ARM.Collect$$libinit$$00000023  c_w.l(libinit2.o)
    0x08000196   0x08000196   0x00000000   Code   RO         1090    .ARM.Collect$$libinit$$00000025  c_w.l(libinit2.o)
    0x08000196   0x08000196   0x00000000   Code   RO         1094    .ARM.Collect$$libinit$$0000002C  c_w.l(libinit2.o)
    0x08000196   0x08000196   0x00000000   Code   RO         1096    .ARM.Collect$$libinit$$0000002E  c_w.l(libinit2.o)
    0x08000196   0x08000196   0x00000000   Code   RO         1098    .ARM.Collect$$libinit$$00000030  c_w.l(libinit2.o)
    0x08000196   0x08000196   0x00000000   Code   RO         1100    .ARM.Collect$$libinit$$00000032  c_w.l(libinit2.o)
    0x08000196   0x08000196   0x00000002   Code   RO         1101    .ARM.Collect$$libinit$$00000033  c_w.l(libinit2.o)
    0x08000198   0x08000198   0x00000002   Code   RO         1121    .ARM.Collect$$libshutdown$$00000000  c_w.l(libshutdown.o)
    0x0800019a   0x0800019a   0x00000000   Code   RO         1134    .ARM.Collect$$libshutdown$$00000002  c_w.l(libshutdown2.o)
    0x0800019a   0x0800019a   0x00000000   Code   RO         1136    .ARM.Collect$$libshutdown$$00000004  c_w.l(libshutdown2.o)
    0x0800019a   0x0800019a   0x00000000   Code   RO         1139    .ARM.Collect$$libshutdown$$00000007  c_w.l(libshutdown2.o)
    0x0800019a   0x0800019a   0x00000000   Code   RO         1142    .ARM.Collect$$libshutdown$$0000000A  c_w.l(libshutdown2.o)
    0x0800019a   0x0800019a   0x00000000   Code   RO         1144    .ARM.Collect$$libshutdown$$0000000C  c_w.l(libshutdown2.o)
    0x0800019a   0x0800019a   0x00000000   Code   RO         1147    .ARM.Collect$$libshutdown$$0000000F  c_w.l(libshutdown2.o)
    0x0800019a   0x0800019a   0x00000002   Code   RO         1148    .ARM.Collect$$libshutdown$$00000010  c_w.l(libshutdown2.o)
    0x0800019c   0x0800019c   0x00000000   Code   RO         1024    .ARM.Collect$$rtentry$$00000000  c_w.l(__rtentry.o)
    0x0800019c   0x0800019c   0x00000000   Code   RO         1028    .ARM.Collect$$rtentry$$00000002  c_w.l(__rtentry2.o)
    0x0800019c   0x0800019c   0x00000006   Code   RO         1040    .ARM.Collect$$rtentry$$00000004  c_w.l(__rtentry4.o)
    0x080001a2   0x080001a2   0x00000000   Code   RO         1030    .ARM.Collect$$rtentry$$00000009  c_w.l(__rtentry2.o)
    0x080001a2   0x080001a2   0x00000004   Code   RO         1031    .ARM.Collect$$rtentry$$0000000A  c_w.l(__rtentry2.o)
    0x080001a6   0x080001a6   0x00000000   Code   RO         1033    .ARM.Collect$$rtentry$$0000000C  c_w.l(__rtentry2.o)
    0x080001a6   0x080001a6   0x00000008   Code   RO         1034    .ARM.Collect$$rtentry$$0000000D  c_w.l(__rtentry2.o)
    0x080001ae   0x080001ae   0x00000002   Code   RO         1055    .ARM.Collect$$rtexit$$00000000  c_w.l(rtexit.o)
    0x080001b0   0x080001b0   0x00000000   Code   RO         1103    .ARM.Collect$$rtexit$$00000002  c_w.l(rtexit2.o)
    0x080001b0   0x080001b0   0x00000004   Code   RO         1104    .ARM.Collect$$rtexit$$00000003  c_w.l(rtexit2.o)
    0x080001b4   0x080001b4   0x00000006   Code   RO         1105    .ARM.Collect$$rtexit$$00000004  c_w.l(rtexit2.o)
    0x080001ba   0x080001ba   0x00000002   PAD
    0x080001bc   0x080001bc   0x00000096   Code   RO          265    .emb_text           port.o
    0x08000252   0x08000252   0x00000002   PAD
    0x08000254   0x08000254   0x00000040   Code   RO            4  * .text               startup_stm32f10x_md_vl.o
    0x08000294   0x08000294   0x00000006   Code   RO         1020    .text               c_w.l(heapauxi.o)
    0x0800029a   0x0800029a   0x0000004a   Code   RO         1042    .text               c_w.l(sys_stackheap_outer.o)
    0x080002e4   0x080002e4   0x00000012   Code   RO         1044    .text               c_w.l(exit.o)
    0x080002f6   0x080002f6   0x00000002   PAD
    0x080002f8   0x080002f8   0x00000008   Code   RO         1052    .text               c_w.l(libspace.o)
    0x08000300   0x08000300   0x0000000c   Code   RO         1113    .text               c_w.l(sys_exit.o)
    0x0800030c   0x0800030c   0x00000002   Code   RO         1124    .text               c_w.l(use_no_semi.o)
    0x0800030e   0x0800030e   0x00000000   Code   RO         1126    .text               c_w.l(indicate_semi.o)
    0x0800030e   0x0800030e   0x00000002   PAD
    0x08000310   0x08000310   0x00000040   Code   RO          998    i.EXTI9_5_IRQHandler  libexti.o
    0x08000350   0x08000350   0x0000008c   Code   RO          956    i.Exchange_DMA1_USART1  libdma.o
    0x080003dc   0x080003dc   0x00000024   Code   RO          797    i.GPIO_Init         sysinit.o
    0x08000400   0x08000400   0x0000006c   Code   RO          999    i.InitEXTI_9        libexti.o
    0x0800046c   0x0800046c   0x00000040   Code   RO          897    i.OW_Reset          lib1wire.o
    0x080004ac   0x080004ac   0x0000006c   Code   RO          898    i.OW_Send           lib1wire.o
    0x08000518   0x08000518   0x00000022   Code   RO          899    i.OW_toBits         lib1wire.o
    0x0800053a   0x0800053a   0x00000020   Code   RO          900    i.OW_toByte         lib1wire.o
    0x0800055a   0x0800055a   0x00000002   PAD
    0x0800055c   0x0800055c   0x000000b8   Code   RO          798    i.RCC_Init          sysinit.o
    0x08000614   0x08000614   0x00000008   Code   RO           24    i.SetSysClock       system_stm32f10x.o
    0x0800061c   0x0800061c   0x000000e0   Code   RO           25    i.SetSysClockTo72   system_stm32f10x.o
    0x080006fc   0x080006fc   0x00000034   Code   RO          266    i.SysTick_Handler   port.o
    0x08000730   0x08000730   0x00000060   Code   RO           27    i.SystemInit        system_stm32f10x.o
    0x08000790   0x08000790   0x0000001c   Code   RO          817    i.USART1_Send_Char  libuart.o
    0x080007ac   0x080007ac   0x00000094   Code   RO          983    i.USART2_IRQHandler  libhc05.o
    0x08000840   0x08000840   0x0000001c   Code   RO          819    i.USART2_Send_Char  libuart.o
    0x0800085c   0x0800085c   0x0000001c   Code   RO          820    i.USART2_Send_String  libuart.o
    0x08000878   0x08000878   0x00000040   Code   RO          821    i.change_speed_USART1  libuart.o
    0x080008b8   0x080008b8   0x00000014   Code   RO          754    i.main              main.o
    0x080008cc   0x080008cc   0x0000007c   Code   RO          463    i.prvAddCurrentTaskToDelayedList  tasks.o
    0x08000948   0x08000948   0x00000034   Code   RO          470    i.prvResetNextTaskUnblockTime  tasks.o
    0x0800097c   0x0800097c   0x00000078   Code   RO          903    i.temp_measure_request  lib1wire.o
    0x080009f4   0x080009f4   0x00000058   Code   RO          904    i.utoa_cycle_sub    lib1wire.o
    0x08000a4c   0x08000a4c   0x00000028   Code   RO          229    i.uxListRemove      list.o
    0x08000a74   0x08000a74   0x00000034   Code   RO          232    i.vListInsert       list.o
    0x08000aa8   0x08000aa8   0x00000018   Code   RO          233    i.vListInsertEnd    list.o
    0x08000ac0   0x08000ac0   0x00000024   Code   RO          270    i.vPortEnterCritical  port.o
    0x08000ae4   0x08000ae4   0x00000020   Code   RO          271    i.vPortExitCritical  port.o
    0x08000b04   0x08000b04   0x00000034   Code   RO          477    i.vTaskDelay        tasks.o
    0x08000b38   0x08000b38   0x00000010   Code   RO          490    i.vTaskSuspendAll   tasks.o
    0x08000b48   0x08000b48   0x00000078   Code   RO          491    i.vTaskSwitchContext  tasks.o
    0x08000bc0   0x08000bc0   0x00000118   Code   RO          500    i.xTaskIncrementTick  tasks.o
    0x08000cd8   0x08000cd8   0x000000e8   Code   RO          505    i.xTaskResumeAll    tasks.o
    0x08000dc0   0x08000dc0   0x00000004   Data   RO          905    .constdata          lib1wire.o
    0x08000dc4   0x08000dc4   0x00000020   Data   RO         1179    Region$$Table       anon$$obj.o


    Execution Region ER_RW (Exec base: 0x20000000, Load base: 0x08000de4, Size: 0x00000064, Max: 0xffffffff, ABSOLUTE)

    Exec Addr    Load Addr    Size         Type   Attr      Idx    E Section Name        Object

    0x20000000   0x08000de4   0x00000004   Data   RW          274    .data               port.o
    0x20000004   0x08000de8   0x0000003c   Data   RW          508    .data               tasks.o
    0x20000040   0x08000e24   0x00000011   Data   RW          906    .data               lib1wire.o
    0x20000051   0x08000e35   0x00000010   Data   RW          959    .data               libdma.o


    Execution Region ER_ZI (Exec base: 0x20000064, Load base: 0x08000e48, Size: 0x0000072c, Max: 0xffffffff, ABSOLUTE)

    Exec Addr    Load Addr    Size         Type   Attr      Idx    E Section Name        Object

    0x20000064        -       0x000000c8   Zero   RW          507    .bss                tasks.o
    0x2000012c        -       0x00000060   Zero   RW         1053    .bss                c_w.l(libspace.o)
    0x2000018c   0x08000e48   0x00000004   PAD
    0x20000190        -       0x00000200   Zero   RW            2    HEAP                startup_stm32f10x_md_vl.o
    0x20000390        -       0x00000400   Zero   RW            1    STACK               startup_stm32f10x_md_vl.o


==============================================================================

Image component sizes


      Code (inc. data)   RO Data    RW Data    ZI Data      Debug   Object Name

         0          0          0          0          0       4508   core_cm3.o
         0          0          0          0          0       6712   croutine.o
       446         48          4         17          0       4706   lib1wire.o
       140          8          0         16          0       1163   libdma.o
       172         22          0          0          0        990   libexti.o
       148         28          0          0          0        508   libhc05.o
       148         20          0          0          0      16988   libuart.o
       116          0          0          0          0       2178   list.o
        20          0          0          0          0        435   main.o
       270         28          0          4          0       4455   port.o
        64         26        288          0       1536        832   startup_stm32f10x_md_vl.o
       220         20          0          0          0        883   sysinit.o
       328         28          0          0          0     203629   system_stm32f10x.o
       876        148          0         60        200      15517   tasks.o

    ----------------------------------------------------------------------
      2952        376        324        100       1736     263504   Object Totals
         0          0         32          0          0          0   (incl. Generated)
         4          0          0          3          0          0   (incl. Padding)

    ----------------------------------------------------------------------

      Code (inc. data)   RO Data    RW Data    ZI Data      Debug   Library Member Name

         8          0          0          0          0         68   __main.o
         0          0          0          0          0          0   __rtentry.o
        12          0          0          0          0          0   __rtentry2.o
         6          0          0          0          0          0   __rtentry4.o
        52          8          0          0          0          0   __scatter.o
        26          0          0          0          0          0   __scatter_copy.o
        28          0          0          0          0          0   __scatter_zi.o
        18          0          0          0          0         80   exit.o
         6          0          0          0          0        152   heapauxi.o
         0          0          0          0          0          0   indicate_semi.o
         2          0          0          0          0          0   libinit.o
         2          0          0          0          0          0   libinit2.o
         2          0          0          0          0          0   libshutdown.o
         2          0          0          0          0          0   libshutdown2.o
         8          4          0          0         96         68   libspace.o
         2          0          0          0          0          0   rtexit.o
        10          0          0          0          0          0   rtexit2.o
        12          4          0          0          0         68   sys_exit.o
        74          0          0          0          0         80   sys_stackheap_outer.o
         2          0          0          0          0         68   use_no_semi.o

    ----------------------------------------------------------------------
       280         16          0          0        100        584   Library Totals
         8          0          0          0          4          0   (incl. Padding)

    ----------------------------------------------------------------------

      Code (inc. data)   RO Data    RW Data    ZI Data      Debug   Library Name

       272         16          0          0         96        584   c_w.l

    ----------------------------------------------------------------------
       280         16          0          0        100        584   Library Totals

    ----------------------------------------------------------------------

==============================================================================


      Code (inc. data)   RO Data    RW Data    ZI Data      Debug   

      3232        392        324        100       1836     262316   Grand Totals
      3232        392        324        100       1836     262316   ELF Image Totals
      3232        392        324        100          0          0   ROM Totals

==============================================================================

    Total RO  Size (Code + RO Data)                 3556 (   3.47kB)
    Total RW  Size (RW Data + ZI Data)              1936 (   1.89kB)
    Total ROM Size (Code + RO Data + RW Data)       3656 (   3.57kB)

==============================================================================

